Component: ARM Compiler 5.06 update 7 (build 960) Tool: armlink [4d3601]

==============================================================================

Section Cross References

    startup_stm32f40_41xxx.o(STACK) refers (Special) to heapauxi.o(.text) for __use_two_region_memory
    startup_stm32f40_41xxx.o(HEAP) refers (Special) to heapauxi.o(.text) for __use_two_region_memory
    startup_stm32f40_41xxx.o(RESET) refers (Special) to heapauxi.o(.text) for __use_two_region_memory
    startup_stm32f40_41xxx.o(RESET) refers to startup_stm32f40_41xxx.o(STACK) for __initial_sp
    startup_stm32f40_41xxx.o(RESET) refers to startup_stm32f40_41xxx.o(.text) for Reset_Handler
    startup_stm32f40_41xxx.o(RESET) refers to stm32f4xx_it.o(.text) for NMI_Handler
    startup_stm32f40_41xxx.o(RESET) refers to exti.o(.text) for EXTI0_IRQHandler
    startup_stm32f40_41xxx.o(RESET) refers to can.o(.text) for CAN1_RX0_IRQHandler
    startup_stm32f40_41xxx.o(RESET) refers to pwm.o(.text) for TIM2_IRQHandler
    startup_stm32f40_41xxx.o(RESET) refers to pid.o(.text) for TIM4_IRQHandler
    startup_stm32f40_41xxx.o(RESET) refers to serial.o(.text) for USART1_IRQHandler
    startup_stm32f40_41xxx.o(RESET) refers to imu.o(.text) for USART2_IRQHandler
    startup_stm32f40_41xxx.o(RESET) refers to main.o(.text) for TIM5_IRQHandler
    startup_stm32f40_41xxx.o(RESET) refers to usart5.o(.text) for UART5_IRQHandler
    startup_stm32f40_41xxx.o(.text) refers (Special) to heapauxi.o(.text) for __use_two_region_memory
    startup_stm32f40_41xxx.o(.text) refers to system_stm32f4xx.o(.text) for SystemInit
    startup_stm32f40_41xxx.o(.text) refers to __main.o(!!!main) for __main
    startup_stm32f40_41xxx.o(.text) refers to startup_stm32f40_41xxx.o(HEAP) for Heap_Mem
    startup_stm32f40_41xxx.o(.text) refers to startup_stm32f40_41xxx.o(STACK) for Stack_Mem
    stm32f4xx_adc.o(.text) refers to stm32f4xx_rcc.o(.text) for RCC_APB2PeriphResetCmd
    stm32f4xx_can.o(.text) refers to stm32f4xx_rcc.o(.text) for RCC_APB1PeriphResetCmd
    stm32f4xx_cryp.o(.text) refers to stm32f4xx_rcc.o(.text) for RCC_AHB2PeriphResetCmd
    stm32f4xx_cryp_aes.o(.text) refers to stm32f4xx_cryp.o(.text) for CRYP_KeyStructInit
    stm32f4xx_cryp_des.o(.text) refers to stm32f4xx_cryp.o(.text) for CRYP_KeyStructInit
    stm32f4xx_cryp_tdes.o(.text) refers to stm32f4xx_cryp.o(.text) for CRYP_KeyStructInit
    stm32f4xx_dac.o(.text) refers to stm32f4xx_rcc.o(.text) for RCC_APB1PeriphResetCmd
    stm32f4xx_dma2d.o(.text) refers to stm32f4xx_rcc.o(.text) for RCC_AHB1PeriphResetCmd
    stm32f4xx_fsmc.o(.text) refers to stm32f4xx_fsmc.o(.constdata) for FSMC_DefaultTimingStruct
    stm32f4xx_gpio.o(.text) refers to stm32f4xx_rcc.o(.text) for RCC_AHB1PeriphResetCmd
    stm32f4xx_hash.o(.text) refers to stm32f4xx_rcc.o(.text) for RCC_AHB2PeriphResetCmd
    stm32f4xx_hash_md5.o(.text) refers to stm32f4xx_hash.o(.text) for HASH_DeInit
    stm32f4xx_hash_sha1.o(.text) refers to stm32f4xx_hash.o(.text) for HASH_DeInit
    stm32f4xx_i2c.o(.text) refers to stm32f4xx_rcc.o(.text) for RCC_APB1PeriphResetCmd
    stm32f4xx_ltdc.o(.text) refers to stm32f4xx_rcc.o(.text) for RCC_APB2PeriphResetCmd
    stm32f4xx_pwr.o(.text) refers to stm32f4xx_rcc.o(.text) for RCC_APB1PeriphResetCmd
    stm32f4xx_rcc.o(.text) refers to stm32f4xx_rcc.o(.data) for APBAHBPrescTable
    stm32f4xx_rng.o(.text) refers to stm32f4xx_rcc.o(.text) for RCC_AHB2PeriphResetCmd
    stm32f4xx_sai.o(.text) refers to stm32f4xx_rcc.o(.text) for RCC_APB2PeriphResetCmd
    stm32f4xx_sdio.o(.text) refers to stm32f4xx_rcc.o(.text) for RCC_APB2PeriphResetCmd
    stm32f4xx_spi.o(.text) refers to stm32f4xx_rcc.o(.text) for RCC_APB2PeriphResetCmd
    stm32f4xx_syscfg.o(.text) refers to stm32f4xx_rcc.o(.text) for RCC_APB2PeriphResetCmd
    stm32f4xx_tim.o(.text) refers to stm32f4xx_rcc.o(.text) for RCC_APB2PeriphResetCmd
    stm32f4xx_usart.o(.text) refers to stm32f4xx_rcc.o(.text) for RCC_APB2PeriphResetCmd
    stm32f4xx_wwdg.o(.text) refers to stm32f4xx_rcc.o(.text) for RCC_APB1PeriphResetCmd
    delay.o(.text) refers to misc.o(.text) for SysTick_CLKSourceConfig
    delay.o(.text) refers to delay.o(.data) for fac_us
    usart.o(.rev16_text) refers (Special) to use_no_semi_2.o(.text) for __use_no_semihosting
    usart.o(.revsh_text) refers (Special) to use_no_semi_2.o(.text) for __use_no_semihosting
    usart.o(.text) refers (Special) to use_no_semi_2.o(.text) for __use_no_semihosting
    usart.o(.text) refers to stm32f4xx_rcc.o(.text) for RCC_AHB1PeriphClockCmd
    usart.o(.text) refers to stm32f4xx_gpio.o(.text) for GPIO_PinAFConfig
    usart.o(.text) refers to stm32f4xx_usart.o(.text) for USART_Init
    usart.o(.text) refers to misc.o(.text) for NVIC_Init
    usart.o(.bss) refers (Special) to use_no_semi_2.o(.text) for __use_no_semihosting
    usart.o(.data) refers (Special) to use_no_semi_2.o(.text) for __use_no_semihosting
    serial.o(.text) refers to stm32f4xx_rcc.o(.text) for RCC_APB2PeriphClockCmd
[...]
    __rt_lib_init_lc_monetary_1              0x08000243   Thumb Code     0  libinit2.o(.ARM.Collect$$libinit$$00000015)
    __rt_lib_init_lc_numeric_1               0x08000243   Thumb Code     0  libinit2.o(.ARM.Collect$$libinit$$00000017)
    __rt_lib_init_lc_time_1                  0x08000243   Thumb Code     0  libinit2.o(.ARM.Collect$$libinit$$00000019)
    __rt_lib_init_preinit_1                  0x08000243   Thumb Code     0  libinit2.o(.ARM.Collect$$libinit$$00000004)
    __rt_lib_init_rand_1                     0x08000243   Thumb Code     0  libinit2.o(.ARM.Collect$$libinit$$0000000E)
    __rt_lib_init_return                     0x08000243   Thumb Code     0  libinit2.o(.ARM.Collect$$libinit$$00000033)
    __rt_lib_init_signal_1                   0x08000243   Thumb Code     0  libinit2.o(.ARM.Collect$$libinit$$0000001D)
    __rt_lib_init_stdio_1                    0x08000243   Thumb Code     0  libinit2.o(.ARM.Collect$$libinit$$00000025)
    __rt_lib_init_user_alloc_1               0x08000243   Thumb Code     0  libinit2.o(.ARM.Collect$$libinit$$0000000C)
    __rt_lib_shutdown                        0x08000245   Thumb Code     0  libshutdown.o(.ARM.Collect$$libshutdown$$00000000)
    __rt_lib_shutdown_cpp_1                  0x08000247   Thumb Code     0  libshutdown2.o(.ARM.Collect$$libshutdown$$00000004)
    __rt_lib_shutdown_fini_1                 0x08000247   Thumb Code     0  libshutdown2.o(.ARM.Collect$$libshutdown$$00000002)
    __rt_lib_shutdown_fp_trap_1              0x08000247   Thumb Code     0  libshutdown2.o(.ARM.Collect$$libshutdown$$00000009)
    __rt_lib_shutdown_heap_1                 0x08000247   Thumb Code     0  libshutdown2.o(.ARM.Collect$$libshutdown$$00000011)
    __rt_lib_shutdown_return                 0x08000247   Thumb Code     0  libshutdown2.o(.ARM.Collect$$libshutdown$$00000012)
    __rt_lib_shutdown_signal_1               0x08000247   Thumb Code     0  libshutdown2.o(.ARM.Collect$$libshutdown$$0000000C)
    __rt_lib_shutdown_stdio_1                0x08000247   Thumb Code     0  libshutdown2.o(.ARM.Collect$$libshutdown$$00000006)
    __rt_lib_shutdown_user_alloc_1           0x08000247   Thumb Code     0  libshutdown2.o(.ARM.Collect$$libshutdown$$0000000E)
    __rt_entry                               0x08000249   Thumb Code     0  __rtentry.o(.ARM.Collect$$rtentry$$00000000)
    __rt_entry_presh_1                       0x08000249   Thumb Code     0  __rtentry2.o(.ARM.Collect$$rtentry$$00000002)
    __rt_entry_sh                            0x08000249   Thumb Code     0  __rtentry4.o(.ARM.Collect$$rtentry$$00000004)
    __rt_entry_li                            0x0800024f   Thumb Code     0  __rtentry2.o(.ARM.Collect$$rtentry$$0000000A)
    __rt_entry_postsh_1                      0x0800024f   Thumb Code     0  __rtentry2.o(.ARM.Collect$$rtentry$$00000009)
    __rt_entry_main                          0x08000253   Thumb Code     0  __rtentry2.o(.ARM.Collect$$rtentry$$0000000D)
    __rt_entry_postli_1                      0x08000253   Thumb Code     0  __rtentry2.o(.ARM.Collect$$rtentry$$0000000C)
    __rt_exit                                0x0800025b   Thumb Code     0  rtexit.o(.ARM.Collect$$rtexit$$00000000)
    __rt_exit_ls                             0x0800025d   Thumb Code     0  rtexit2.o(.ARM.Collect$$rtexit$$00000003)
    __rt_exit_prels_1                        0x0800025d   Thumb Code     0  rtexit2.o(.ARM.Collect$$rtexit$$00000002)
    __rt_exit_exit                           0x08000261   Thumb Code     0  rtexit2.o(.ARM.Collect$$rtexit$$00000004)
    Reset_Handler                            0x08000269   Thumb Code     8  startup_stm32f40_41xxx.o(.text)
    ADC_IRQHandler                           0x08000283   Thumb Code     0  startup_stm32f40_41xxx.o(.text)
    CAN1_RX1_IRQHandler                      0x08000283   Thumb Code     0  startup_stm32f40_41xxx.o(.text)
    CAN1_SCE_IRQHandler                      0x08000283   Thumb Code     0  startup_stm32f40_41xxx.o(.text)
    CAN1_TX_IRQHandler                       0x08000283   Thumb Code     0  startup_stm32f40_41xxx.o(.text)
    CAN2_RX0_IRQHandler                      0x08000283   Thumb Code     0  startup_stm32f40_41xxx.o(.text)
    CAN2_RX1_IRQHandler                      0x08000283   Thumb Code     0  startup_stm32f40_41xxx.o(.text)
    CAN2_SCE_IRQHandler                      0x08000283   Thumb Code     0  startup_stm32f40_41xxx.o(.text)
    CAN2_TX_IRQHandler                       0x08000283   Thumb Code     0  startup_stm32f40_41xxx.o(.text)
    CRYP_IRQHandler                          0x08000283   Thumb Code     0  startup_stm32f40_41xxx.o(.text)
    DCMI_IRQHandler                          0x08000283   Thumb Code     0  startup_stm32f40_41xxx.o(.text)
    DMA1_Stream0_IRQHandler                  0x08000283   Thumb Code     0  startup_stm32f40_41xxx.o(.text)
    DMA1_Stream1_IRQHandler                  0x08000283   Thumb Code     0  startup_stm32f40_41xxx.o(.text)
    DMA1_Stream2_IRQHandler                  0x08000283   Thumb Code     0  startup_stm32f40_41xxx.o(.text)
    DMA1_Stream3_IRQHandler                  0x08000283   Thumb Code     0  startup_stm32f40_41xxx.o(.text)
    DMA1_Stream4_IRQHandler                  0x08000283   Thumb Code     0  startup_stm32f40_41xxx.o(.text)
    DMA1_Stream5_IRQHandler                  0x08000283   Thumb Code     0  startup_stm32f40_41xxx.o(.text)
    DMA1_Stream6_IRQHandler                  0x08000283   Thumb Code     0  startup_stm32f40_41xxx.o(.text)
    DMA1_Stream7_IRQHandler                  0x08000283   Thumb Code     0  startup_stm32f40_41xxx.o(.text)
    DMA2_Stream0_IRQHandler                  0x08000283   Thumb Code     0  startup_stm32f40_41xxx.o(.text)
    DMA2_Stream1_IRQHandler                  0x08000283   Thumb Code     0  startup_stm32f40_41xxx.o(.text)
    DMA2_Stream2_IRQHandler                  0x08000283   Thumb Code     0  startup_stm32f40_41xxx.o(.text)
    DMA2_Stream3_IRQHandler                  0x08000283   Thumb Code     0  startup_stm32f40_41xxx.o(.text)
    DMA2_Stream4_IRQHandler                  0x08000283   Thumb Code     0  startup_stm32f40_41xxx.o(.text)
    DMA2_Stream5_IRQHandler                  0x08000283   Thumb Code     0  startup_stm32f40_41xxx.o(.text)
    DMA2_Stream6_IRQHandler                  0x08000283   Thumb Code     0  startup_stm32f40_41xxx.o(.text)
    DMA2_Stream7_IRQHandler                  0x08000283   Thumb Code     0  startup_stm32f40_41xxx.o(.text)
    ETH_IRQHandler                           0x08000283   Thumb Code     0  startup_stm32f40_41xxx.o(.text)
    ETH_WKUP_IRQHandler                      0x08000283   Thumb Code     0  startup_stm32f40_41xxx.o(.text)
    EXTI15_10_IRQHandler                     0x08000283   Thumb Code     0  startup_stm32f40_41xxx.o(.text)
    EXTI1_IRQHandler                         0x08000283   Thumb Code     0  startup_stm32f40_41xxx.o(.text)
    EXTI2_IRQHandler                         0x08000283   Thumb Code     0  startup_stm32f40_41xxx.o(.text)
    EXTI3_IRQHandler                         0x08000283   Thumb Code     0  startup_stm32f40_41xxx.o(.text)
    EXTI4_IRQHandler                         0x08000283   Thumb Code     0  startup_stm32f40_41xxx.o(.text)
    EXTI9_5_IRQHandler                       0x08000283   Thumb Code     0  startup_stm32f40_41xxx.o(.text)
    FLASH_IRQHandler                         0x08000283   Thumb Code     0  startup_stm32f40_41xxx.o(.text)
    FPU_IRQHandler                           0x08000283   Thumb Code     0  startup_stm32f40_41xxx.o(.text)
    FSMC_IRQHandler                          0x08000283   Thumb Code     0  startup_stm32f40_41xxx.o(.text)
    HASH_RNG_IRQHandler                      0x08000283   Thumb Code     0  startup_stm32f40_41xxx.o(.text)
    I2C1_ER_IRQHandler                       0x08000283   Thumb Code     0  startup_stm32f40_41xxx.o(.text)
    I2C1_EV_IRQHandler                       0x08000283   Thumb Code     0  startup_stm32f40_41xxx.o(.text)
    I2C2_ER_IRQHandler                       0x08000283   Thumb Code     0  startup_stm32f40_41xxx.o(.text)
    I2C2_EV_IRQHandler                       0x08000283   Thumb Code     0  startup_stm32f40_41xxx.o(.text)
    I2C3_ER_IRQHandler                       0x08000283   Thumb Code     0  startup_stm32f40_41xxx.o(.text)
    I2C3_EV_IRQHandler                       0x08000283   Thumb Code     0  startup_stm32f40_41xxx.o(.text)
    OTG_FS_IRQHandler                        0x08000283   Thumb Code     0  startup_stm32f40_41xxx.o(.text)
    OTG_FS_WKUP_IRQHandler                   0x08000283   Thumb Code     0  startup_stm32f40_41xxx.o(.text)
    OTG_HS_EP1_IN_IRQHandler                 0x08000283   Thumb Code     0  startup_stm32f40_41xxx.o(.text)
    OTG_HS_EP1_OUT_IRQHandler                0x08000283   Thumb Code     0  startup_stm32f40_41xxx.o(.text)
    OTG_HS_IRQHandler                        0x08000283   Thumb Code     0  startup_stm32f40_41xxx.o(.text)
    OTG_HS_WKUP_IRQHandler                   0x08000283   Thumb Code     0  startup_stm32f40_41xxx.o(.text)
    PVD_IRQHandler                           0x08000283   Thumb Code     0  startup_stm32f40_41xxx.o(.text)
    RCC_IRQHandler                           0x08000283   Thumb Code     0  startup_stm32f40_41xxx.o(.text)
    RTC_Alarm_IRQHandler                     0x08000283   Thumb Code     0  startup_stm32f40_41xxx.o(.text)
    RTC_WKUP_IRQHandler                      0x08000283   Thumb Code     0  startup_stm32f40_41xxx.o(.text)
    SDIO_IRQHandler                          0x08000283   Thumb Code     0  startup_stm32f40_41xxx.o(.text)
    SPI1_IRQHandler                          0x08000283   Thumb Code     0  startup_stm32f40_41xxx.o(.text)
    SPI2_IRQHandler                          0x08000283   Thumb Code     0  startup_stm32f40_41xxx.o(.text)
    SPI3_IRQHandler                          0x08000283   Thumb Code     0  startup_stm32f40_41xxx.o(.text)
    TAMP_STAMP_IRQHandler                    0x08000283   Thumb Code     0  startup_stm32f40_41xxx.o(.text)
    TIM1_BRK_TIM9_IRQHandler                 0x08000283   Thumb Code     0  startup_stm32f40_41xxx.o(.text)
    TIM1_CC_IRQHandler                       0x08000283   Thumb Code     0  startup_stm32f40_41xxx.o(.text)
    TIM1_TRG_COM_TIM11_IRQHandler            0x08000283   Thumb Code     0  startup_stm32f40_41xxx.o(.text)
    TIM1_UP_TIM10_IRQHandler                 0x08000283   Thumb Code     0  startup_stm32f40_41xxx.o(.text)
    TIM3_IRQHandler                          0x08000283   Thumb Code     0  startup_stm32f40_41xxx.o(.text)
    TIM6_DAC_IRQHandler                      0x08000283   Thumb Code     0  startup_stm32f40_41xxx.o(.text)
    TIM7_IRQHandler                          0x08000283   Thumb Code     0  startup_stm32f40_41xxx.o(.text)
    TIM8_BRK_TIM12_IRQHandler                0x08000283   Thumb Code     0  startup_stm32f40_41xxx.o(.text)
    TIM8_CC_IRQHandler                       0x08000283   Thumb Code     0  startup_stm32f40_41xxx.o(.text)
    TIM8_TRG_COM_TIM14_IRQHandler            0x08000283   Thumb Code     0  startup_stm32f40_41xxx.o(.text)
    TIM8_UP_TIM13_IRQHandler                 0x08000283   Thumb Code     0  startup_stm32f40_41xxx.o(.text)
    UART4_IRQHandler                         0x08000283   Thumb Code     0  startup_stm32f40_41xxx.o(.text)
    USART3_IRQHandler                        0x08000283   Thumb Code     0  startup_stm32f40_41xxx.o(.text)
    USART6_IRQHandler                        0x08000283   Thumb Code     0  startup_stm32f40_41xxx.o(.text)
    WWDG_IRQHandler                          0x08000283   Thumb Code     0  startup_stm32f40_41xxx.o(.text)
    __user_initial_stackheap                 0x08000285   Thumb Code     0  startup_stm32f40_41xxx.o(.text)
    NVIC_PriorityGroupConfig                 0x080002a9   Thumb Code    10  misc.o(.text)
    NVIC_Init                                0x080002b3   Thumb Code   106  misc.o(.text)
    NVIC_SetVectorTable                      0x0800031d   Thumb Code    14  misc.o(.text)
    NVIC_SystemLPConfig                      0x0800032b   Thumb Code    34  misc.o(.text)
    SysTick_CLKSourceConfig                  0x0800034d   Thumb Code    40  misc.o(.text)
    CAN_DeInit                               0x08000389   Thumb Code    50  stm32f4xx_can.o(.text)
    CAN_Init                                 0x080003bb   Thumb Code   276  stm32f4xx_can.o(.text)
    CAN_FilterInit                           0x080004cf   Thumb Code   258  stm32f4xx_can.o(.text)
    CAN_StructInit                           0x080005d1   Thumb Code    32  stm32f4xx_can.o(.text)
    CAN_SlaveStartBank                       0x080005f1   Thumb Code    48  stm32f4xx_can.o(.text)
    CAN_DBGFreeze                            0x08000621   Thumb Code    22  stm32f4xx_can.o(.text)
    CAN_TTComModeCmd                         0x08000637   Thumb Code   118  stm32f4xx_can.o(.text)
    CAN_Transmit                             0x080006ad   Thumb Code   304  stm32f4xx_can.o(.text)
    CAN_TransmitStatus                       0x080007dd   Thumb Code   138  stm32f4xx_can.o(.text)
    CAN_CancelTransmit                       0x08000867   Thumb Code    48  stm32f4xx_can.o(.text)
    CAN_Receive                              0x08000897   Thumb Code   240  stm32f4xx_can.o(.text)
    CAN_FIFORelease                          0x08000987   Thumb Code    22  stm32f4xx_can.o(.text)
    CAN_MessagePending                       0x0800099d   Thumb Code    30  stm32f4xx_can.o(.text)
    CAN_OperatingModeRequest                 0x080009bb   Thumb Code   162  stm32f4xx_can.o(.text)
    CAN_Sleep                                0x08000a5d   Thumb Code    30  stm32f4xx_can.o(.text)
    CAN_WakeUp                               0x08000a7b   Thumb Code    48  stm32f4xx_can.o(.text)
    CAN_GetLastErrorCode                     0x08000aab   Thumb Code    12  stm32f4xx_can.o(.text)
    CAN_GetReceiveErrorCounter               0x08000ab7   Thumb Code    10  stm32f4xx_can.o(.text)
    CAN_GetLSBTransmitErrorCounter           0x08000ac1   Thumb Code    12  stm32f4xx_can.o(.text)
    CAN_ITConfig                             0x08000acd   Thumb Code    18  stm32f4xx_can.o(.text)
    CAN_GetFlagStatus                        0x08000adf   Thumb Code   120  stm32f4xx_can.o(.text)
    CAN_ClearFlag                            0x08000b57   Thumb Code    52  stm32f4xx_can.o(.text)
    CAN_GetITStatus                          0x08000b9d   Thumb Code   310  stm32f4xx_can.o(.text)
    CAN_ClearITPendingBit                    0x08000cd3   Thumb Code   162  stm32f4xx_can.o(.text)
    EXTI_DeInit                              0x08000d79   Thumb Code    28  stm32f4xx_exti.o(.text)
    EXTI_Init                                0x08000d95   Thumb Code   142  stm32f4xx_exti.o(.text)
    EXTI_StructInit                          0x08000e23   Thumb Code    16  stm32f4xx_exti.o(.text)
    EXTI_GenerateSWInterrupt                 0x08000e33   Thumb Code    16  stm32f4xx_exti.o(.text)
    EXTI_GetFlagStatus                       0x08000e43   Thumb Code    22  stm32f4xx_exti.o(.text)
    EXTI_ClearFlag                           0x08000e59   Thumb Code     8  stm32f4xx_exti.o(.text)
    EXTI_GetITStatus                         0x08000e61   Thumb Code    22  stm32f4xx_exti.o(.text)
    EXTI_ClearITPendingBit                   0x08000e77   Thumb Code     8  stm32f4xx_exti.o(.text)
    GPIO_DeInit                              0x08000e89   Thumb Code   268  stm32f4xx_gpio.o(.text)
    GPIO_Init                                0x08000f95   Thumb Code   144  stm32f4xx_gpio.o(.text)
    GPIO_StructInit                          0x08001025   Thumb Code    18  stm32f4xx_gpio.o(.text)
    GPIO_PinLockConfig                       0x08001037   Thumb Code    34  stm32f4xx_gpio.o(.text)
    GPIO_ReadInputDataBit                    0x08001059   Thumb Code    18  stm32f4xx_gpio.o(.text)
    GPIO_ReadInputData                       0x0800106b   Thumb Code     8  stm32f4xx_gpio.o(.text)
    GPIO_ReadOutputDataBit                   0x08001073   Thumb Code    18  stm32f4xx_gpio.o(.text)
    GPIO_ReadOutputData                      0x08001085   Thumb Code     8  stm32f4xx_gpio.o(.text)
    GPIO_SetBits                             0x0800108d   Thumb Code     4  stm32f4xx_gpio.o(.text)
    GPIO_ResetBits                           0x08001091   Thumb Code     4  stm32f4xx_gpio.o(.text)
    GPIO_WriteBit                            0x08001095   Thumb Code    10  stm32f4xx_gpio.o(.text)
    GPIO_Write                               0x0800109f   Thumb Code     4  stm32f4xx_gpio.o(.text)
    GPIO_ToggleBits                          0x080010a3   Thumb Code     8  stm32f4xx_gpio.o(.text)
    GPIO_PinAFConfig                         0x080010ab   Thumb Code    70  stm32f4xx_gpio.o(.text)
    RCC_DeInit                               0x0800111d   Thumb Code    82  stm32f4xx_rcc.o(.text)
    RCC_HSEConfig                            0x0800116f   Thumb Code    14  stm32f4xx_rcc.o(.text)
    RCC_GetFlagStatus                        0x0800117d   Thumb Code    60  stm32f4xx_rcc.o(.text)
    RCC_WaitForHSEStartUp                    0x080011b9   Thumb Code    56  stm32f4xx_rcc.o(.text)
    RCC_AdjustHSICalibrationValue            0x080011f1   Thumb Code    20  stm32f4xx_rcc.o(.text)
    RCC_HSICmd                               0x08001205   Thumb Code     6  stm32f4xx_rcc.o(.text)
    RCC_LSEConfig                            0x0800120b   Thumb Code    46  stm32f4xx_rcc.o(.text)
    RCC_LSICmd                               0x08001239   Thumb Code     6  stm32f4xx_rcc.o(.text)
    RCC_PLLConfig                            0x0800123f   Thumb Code    32  stm32f4xx_rcc.o(.text)
    RCC_PLLCmd                               0x0800125f   Thumb Code     6  stm32f4xx_rcc.o(.text)
    RCC_PLLI2SConfig                         0x08001265   Thumb Code    14  stm32f4xx_rcc.o(.text)
    RCC_PLLI2SCmd                            0x08001273   Thumb Code     6  stm32f4xx_rcc.o(.text)
    RCC_PLLSAIConfig                         0x08001279   Thumb Code    20  stm32f4xx_rcc.o(.text)
    RCC_PLLSAICmd                            0x0800128d   Thumb Code     6  stm32f4xx_rcc.o(.text)
    RCC_ClockSecuritySystemCmd               0x08001293   Thumb Code     6  stm32f4xx_rcc.o(.text)
    RCC_MCO1Config                           0x08001299   Thumb Code    28  stm32f4xx_rcc.o(.text)
    RCC_MCO2Config                           0x080012b5   Thumb Code    28  stm32f4xx_rcc.o(.text)
    RCC_SYSCLKConfig                         0x080012d1   Thumb Code    20  stm32f4xx_rcc.o(.text)
    RCC_GetSYSCLKSource                      0x080012e5   Thumb Code    12  stm32f4xx_rcc.o(.text)
    RCC_HCLKConfig                           0x080012f1   Thumb Code    20  stm32f4xx_rcc.o(.text)
    RCC_PCLK1Config                          0x08001305   Thumb Code    20  stm32f4xx_rcc.o(.text)
    RCC_PCLK2Config                          0x08001319   Thumb Code    22  stm32f4xx_rcc.o(.text)
    RCC_GetClocksFreq                        0x0800132f   Thumb Code   222  stm32f4xx_rcc.o(.text)
    RCC_RTCCLKConfig                         0x0800140d   Thumb Code    54  stm32f4xx_rcc.o(.text)
    RCC_RTCCLKCmd                            0x08001443   Thumb Code     8  stm32f4xx_rcc.o(.text)
    RCC_BackupResetCmd                       0x0800144b   Thumb Code     8  stm32f4xx_rcc.o(.text)
    RCC_I2SCLKConfig                         0x08001453   Thumb Code     6  stm32f4xx_rcc.o(.text)
    RCC_SAIPLLI2SClkDivConfig                0x08001459   Thumb Code    26  stm32f4xx_rcc.o(.text)
    RCC_SAIPLLSAIClkDivConfig                0x08001473   Thumb Code    28  stm32f4xx_rcc.o(.text)
    RCC_SAIBlockACLKConfig                   0x0800148f   Thumb Code    20  stm32f4xx_rcc.o(.text)
    RCC_SAIBlockBCLKConfig                   0x080014a3   Thumb Code    20  stm32f4xx_rcc.o(.text)
    RCC_LTDCCLKDivConfig                     0x080014b7   Thumb Code    20  stm32f4xx_rcc.o(.text)
    RCC_TIMCLKPresConfig                     0x080014cb   Thumb Code     6  stm32f4xx_rcc.o(.text)
    RCC_AHB1PeriphClockCmd                   0x080014d1   Thumb Code    34  stm32f4xx_rcc.o(.text)
    RCC_AHB2PeriphClockCmd                   0x080014f3   Thumb Code    78  stm32f4xx_rcc.o(.text)
    RCC_AHB3PeriphClockCmd                   0x08001541   Thumb Code    34  stm32f4xx_rcc.o(.text)
    RCC_APB1PeriphClockCmd                   0x08001563   Thumb Code    34  stm32f4xx_rcc.o(.text)
    RCC_APB2PeriphClockCmd                   0x08001585   Thumb Code    34  stm32f4xx_rcc.o(.text)
    RCC_AHB1PeriphResetCmd                   0x080015a7   Thumb Code    34  stm32f4xx_rcc.o(.text)
    RCC_AHB2PeriphResetCmd                   0x080015c9   Thumb Code    34  stm32f4xx_rcc.o(.text)
    RCC_AHB3PeriphResetCmd                   0x080015eb   Thumb Code    34  stm32f4xx_rcc.o(.text)
    RCC_APB1PeriphResetCmd                   0x0800160d   Thumb Code    34  stm32f4xx_rcc.o(.text)
    RCC_APB2PeriphResetCmd                   0x0800162f   Thumb Code    34  stm32f4xx_rcc.o(.text)
    RCC_AHB1PeriphClockLPModeCmd             0x08001651   Thumb Code    34  stm32f4xx_rcc.o(.text)
    RCC_AHB2PeriphClockLPModeCmd             0x08001673   Thumb Code    34  stm32f4xx_rcc.o(.text)
    RCC_AHB3PeriphClockLPModeCmd             0x08001695   Thumb Code    34  stm32f4xx_rcc.o(.text)
    RCC_APB1PeriphClockLPModeCmd             0x080016b7   Thumb Code    34  stm32f4xx_rcc.o(.text)
    RCC_APB2PeriphClockLPModeCmd             0x080016d9   Thumb Code    34  stm32f4xx_rcc.o(.text)
    RCC_LSEModeConfig                        0x080016fb   Thumb Code    40  stm32f4xx_rcc.o(.text)
    RCC_ITConfig                             0x08001723   Thumb Code    34  stm32f4xx_rcc.o(.text)
    RCC_ClearFlag                            0x08001745   Thumb Code    18  stm32f4xx_rcc.o(.text)
    RCC_GetITStatus                          0x08001757   Thumb Code    22  stm32f4xx_rcc.o(.text)
    RCC_ClearITPendingBit                    0x0800176d   Thumb Code     8  stm32f4xx_rcc.o(.text)
    SYSCFG_DeInit                            0x08001779   Thumb Code    22  stm32f4xx_syscfg.o(.text)
    SYSCFG_MemoryRemapConfig                 0x0800178f   Thumb Code     6  stm32f4xx_syscfg.o(.text)
    SYSCFG_MemorySwappingBank                0x08001795   Thumb Code     6  stm32f4xx_syscfg.o(.text)
    SYSCFG_EXTILineConfig                    0x0800179b   Thumb Code    66  stm32f4xx_syscfg.o(.text)
    SYSCFG_ETH_MediaInterfaceConfig          0x080017dd   Thumb Code     8  stm32f4xx_syscfg.o(.text)
    SYSCFG_CompensationCellCmd               0x080017e5   Thumb Code     6  stm32f4xx_syscfg.o(.text)
    SYSCFG_GetCompensationCellStatus         0x080017eb   Thumb Code    22  stm32f4xx_syscfg.o(.text)
    TIM_DeInit                               0x0800180d   Thumb Code   346  stm32f4xx_tim.o(.text)
    TIM_TimeBaseInit                         0x08001967   Thumb Code   104  stm32f4xx_tim.o(.text)
    TIM_TimeBaseStructInit                   0x080019cf   Thumb Code    18  stm32f4xx_tim.o(.text)
    TIM_PrescalerConfig                      0x080019e1   Thumb Code     6  stm32f4xx_tim.o(.text)
    TIM_CounterModeConfig                    0x080019e7   Thumb Code    18  stm32f4xx_tim.o(.text)
    TIM_SetCounter                           0x080019f9   Thumb Code     4  stm32f4xx_tim.o(.text)
    TIM_SetAutoreload                        0x080019fd   Thumb Code     4  stm32f4xx_tim.o(.text)
    TIM_GetCounter                           0x08001a01   Thumb Code     6  stm32f4xx_tim.o(.text)
    TIM_GetPrescaler                         0x08001a07   Thumb Code     6  stm32f4xx_tim.o(.text)
    TIM_UpdateDisableConfig                  0x08001a0d   Thumb Code    24  stm32f4xx_tim.o(.text)
    TIM_UpdateRequestConfig                  0x08001a25   Thumb Code    24  stm32f4xx_tim.o(.text)
    TIM_ARRPreloadConfig                     0x08001a3d   Thumb Code    24  stm32f4xx_tim.o(.text)
    TIM_SelectOnePulseMode                   0x08001a55   Thumb Code    18  stm32f4xx_tim.o(.text)
    TIM_SetClockDivision                     0x08001a67   Thumb Code    18  stm32f4xx_tim.o(.text)
    TIM_Cmd                                  0x08001a79   Thumb Code    24  stm32f4xx_tim.o(.text)
    TIM_OC1Init                              0x08001a91   Thumb Code   114  stm32f4xx_tim.o(.text)
    TIM_OC2Init                              0x08001b03   Thumb Code   154  stm32f4xx_tim.o(.text)
    TIM_OC3Init                              0x08001b9d   Thumb Code   204  stm32f4xx_tim.o(.text)
    TIM_OC4Init                              0x08001c69   Thumb Code   112  stm32f4xx_tim.o(.text)
    TIM_OCStructInit                         0x08001cd9   Thumb Code    20  stm32f4xx_tim.o(.text)
    TIM_SelectOCxM                           0x08001ced   Thumb Code    86  stm32f4xx_tim.o(.text)
    TIM_SetCompare1                          0x08001d43   Thumb Code     4  stm32f4xx_tim.o(.text)
    TIM_SetCompare2                          0x08001d47   Thumb Code     4  stm32f4xx_tim.o(.text)
    TIM_SetCompare3                          0x08001d4b   Thumb Code     4  stm32f4xx_tim.o(.text)
    TIM_SetCompare4                          0x08001d4f   Thumb Code     4  stm32f4xx_tim.o(.text)
    TIM_ForcedOC1Config                      0x08001d53   Thumb Code    18  stm32f4xx_tim.o(.text)
    TIM_ForcedOC2Config                      0x08001d65   Thumb Code    26  stm32f4xx_tim.o(.text)
    TIM_ForcedOC3Config                      0x08001d7f   Thumb Code    18  stm32f4xx_tim.o(.text)
    TIM_ForcedOC4Config                      0x08001d91   Thumb Code    26  stm32f4xx_tim.o(.text)
    TIM_OC1PreloadConfig                     0x08001dab   Thumb Code    18  stm32f4xx_tim.o(.text)
    TIM_OC2PreloadConfig                     0x08001dbd   Thumb Code    26  stm32f4xx_tim.o(.text)
    TIM_OC3PreloadConfig                     0x08001dd7   Thumb Code    18  stm32f4xx_tim.o(.text)
    TIM_OC4PreloadConfig                     0x08001de9   Thumb Code    26  stm32f4xx_tim.o(.text)
    TIM_OC1FastConfig                        0x08001e03   Thumb Code    18  stm32f4xx_tim.o(.text)
    TIM_OC2FastConfig                        0x08001e15   Thumb Code    26  stm32f4xx_tim.o(.text)
    TIM_OC3FastConfig                        0x08001e2f   Thumb Code    18  stm32f4xx_tim.o(.text)
    TIM_OC4FastConfig                        0x08001e41   Thumb Code    26  stm32f4xx_tim.o(.text)
    TIM_ClearOC1Ref                          0x08001e5b   Thumb Code    18  stm32f4xx_tim.o(.text)
    TIM_ClearOC2Ref                          0x08001e6d   Thumb Code    24  stm32f4xx_tim.o(.text)
    TIM_ClearOC3Ref                          0x08001e85   Thumb Code    18  stm32f4xx_tim.o(.text)
    TIM_ClearOC4Ref                          0x08001e97   Thumb Code    24  stm32f4xx_tim.o(.text)
    TIM_OC1PolarityConfig                    0x08001eaf   Thumb Code    18  stm32f4xx_tim.o(.text)
    TIM_OC1NPolarityConfig                   0x08001ec1   Thumb Code    18  stm32f4xx_tim.o(.text)
    TIM_OC2PolarityConfig                    0x08001ed3   Thumb Code    26  stm32f4xx_tim.o(.text)
    TIM_OC2NPolarityConfig                   0x08001eed   Thumb Code    26  stm32f4xx_tim.o(.text)
    TIM_OC3PolarityConfig                    0x08001f07   Thumb Code    26  stm32f4xx_tim.o(.text)
    TIM_OC3NPolarityConfig                   0x08001f21   Thumb Code    26  stm32f4xx_tim.o(.text)
    TIM_OC4PolarityConfig                    0x08001f3b   Thumb Code    26  stm32f4xx_tim.o(.text)
    TIM_CCxCmd                               0x08001f55   Thumb Code    30  stm32f4xx_tim.o(.text)
    TIM_CCxNCmd                              0x08001f73   Thumb Code    30  stm32f4xx_tim.o(.text)
    TIM_SetIC4Prescaler                      0x08001f91   Thumb Code    26  stm32f4xx_tim.o(.text)
    TIM_SetIC3Prescaler                      0x08001ffb   Thumb Code    18  stm32f4xx_tim.o(.text)
    TIM_SetIC2Prescaler                      0x08002055   Thumb Code    26  stm32f4xx_tim.o(.text)
    TIM_SetIC1Prescaler                      0x080020c9   Thumb Code    18  stm32f4xx_tim.o(.text)
    TIM_ICInit                               0x08002115   Thumb Code   110  stm32f4xx_tim.o(.text)
    TIM_ICStructInit                         0x08002183   Thumb Code    18  stm32f4xx_tim.o(.text)
    TIM_PWMIConfig                           0x08002195   Thumb Code   124  stm32f4xx_tim.o(.text)
    TIM_GetCapture1                          0x08002211   Thumb Code     6  stm32f4xx_tim.o(.text)
    TIM_GetCapture2                          0x08002217   Thumb Code     6  stm32f4xx_tim.o(.text)
    TIM_GetCapture3                          0x0800221d   Thumb Code     6  stm32f4xx_tim.o(.text)
    TIM_GetCapture4                          0x08002223   Thumb Code     6  stm32f4xx_tim.o(.text)
    TIM_BDTRConfig                           0x08002229   Thumb Code    32  stm32f4xx_tim.o(.text)
    TIM_BDTRStructInit                       0x08002249   Thumb Code    18  stm32f4xx_tim.o(.text)
    TIM_CtrlPWMOutputs                       0x0800225b   Thumb Code    30  stm32f4xx_tim.o(.text)
    TIM_SelectCOM                            0x08002279   Thumb Code    24  stm32f4xx_tim.o(.text)
    TIM_CCPreloadControl                     0x08002291   Thumb Code    24  stm32f4xx_tim.o(.text)
    TIM_ITConfig                             0x080022a9   Thumb Code    18  stm32f4xx_tim.o(.text)
    TIM_GenerateEvent                        0x080022bb   Thumb Code     4  stm32f4xx_tim.o(.text)
    TIM_GetFlagStatus                        0x080022bf   Thumb Code    18  stm32f4xx_tim.o(.text)
    TIM_ClearFlag                            0x080022d1   Thumb Code     6  stm32f4xx_tim.o(.text)
    TIM_GetITStatus                          0x080022d7   Thumb Code    34  stm32f4xx_tim.o(.text)
    TIM_ClearITPendingBit                    0x080022f9   Thumb Code     6  stm32f4xx_tim.o(.text)
    TIM_DMAConfig                            0x080022ff   Thumb Code    10  stm32f4xx_tim.o(.text)
    TIM_DMACmd                               0x08002309   Thumb Code    18  stm32f4xx_tim.o(.text)
    TIM_SelectCCDMA                          0x0800231b   Thumb Code    24  stm32f4xx_tim.o(.text)
    TIM_InternalClockConfig                  0x08002333   Thumb Code    12  stm32f4xx_tim.o(.text)
    TIM_SelectInputTrigger                   0x0800233f   Thumb Code    18  stm32f4xx_tim.o(.text)
    TIM_ITRxExternalClockConfig              0x08002351   Thumb Code    24  stm32f4xx_tim.o(.text)
    TIM_TIxExternalClockConfig               0x08002369   Thumb Code    62  stm32f4xx_tim.o(.text)
    TIM_ETRConfig                            0x080023a7   Thumb Code    28  stm32f4xx_tim.o(.text)
    TIM_ETRClockMode1Config                  0x080023c3   Thumb Code    54  stm32f4xx_tim.o(.text)
    TIM_ETRClockMode2Config                  0x080023f9   Thumb Code    32  stm32f4xx_tim.o(.text)
    TIM_SelectOutputTrigger                  0x08002419   Thumb Code    18  stm32f4xx_tim.o(.text)
    TIM_SelectSlaveMode                      0x0800242b   Thumb Code    18  stm32f4xx_tim.o(.text)
    TIM_SelectMasterSlaveMode                0x0800243d   Thumb Code    18  stm32f4xx_tim.o(.text)
    TIM_EncoderInterfaceConfig               0x0800244f   Thumb Code    66  stm32f4xx_tim.o(.text)
    TIM_SelectHallSensor                     0x08002491   Thumb Code    24  stm32f4xx_tim.o(.text)
    TIM_RemapConfig                          0x080024a9   Thumb Code     6  stm32f4xx_tim.o(.text)
    USART_DeInit                             0x080024b1   Thumb Code   206  stm32f4xx_usart.o(.text)
    USART_Init                               0x0800257f   Thumb Code   204  stm32f4xx_usart.o(.text)
    USART_StructInit                         0x0800264b   Thumb Code    24  stm32f4xx_usart.o(.text)
    USART_ClockInit                          0x08002663   Thumb Code    32  stm32f4xx_usart.o(.text)
    USART_ClockStructInit                    0x08002683   Thumb Code    12  stm32f4xx_usart.o(.text)
    USART_Cmd                                0x0800268f   Thumb Code    24  stm32f4xx_usart.o(.text)
    USART_SetPrescaler                       0x080026a7   Thumb Code    16  stm32f4xx_usart.o(.text)
    USART_OverSampling8Cmd                   0x080026b7   Thumb Code    22  stm32f4xx_usart.o(.text)
    USART_OneBitMethodCmd                    0x080026cd   Thumb Code    24  stm32f4xx_usart.o(.text)
    USART_SendData                           0x080026e5   Thumb Code     8  stm32f4xx_usart.o(.text)
    USART_ReceiveData                        0x080026ed   Thumb Code    10  stm32f4xx_usart.o(.text)
    USART_SetAddress                         0x080026f7   Thumb Code    18  stm32f4xx_usart.o(.text)
    USART_ReceiverWakeUpCmd                  0x08002709   Thumb Code    24  stm32f4xx_usart.o(.text)
    USART_WakeUpConfig                       0x08002721   Thumb Code    18  stm32f4xx_usart.o(.text)
    USART_LINBreakDetectLengthConfig         0x08002733   Thumb Code    18  stm32f4xx_usart.o(.text)
    USART_LINCmd                             0x08002745   Thumb Code    24  stm32f4xx_usart.o(.text)
    USART_SendBreak                          0x0800275d   Thumb Code    10  stm32f4xx_usart.o(.text)
    USART_HalfDuplexCmd                      0x08002767   Thumb Code    24  stm32f4xx_usart.o(.text)
    USART_SetGuardTime                       0x0800277f   Thumb Code    16  stm32f4xx_usart.o(.text)
    USART_SmartCardCmd                       0x0800278f   Thumb Code    24  stm32f4xx_usart.o(.text)
    USART_SmartCardNACKCmd                   0x080027a7   Thumb Code    24  stm32f4xx_usart.o(.text)
    USART_IrDAConfig                         0x080027bf   Thumb Code    18  stm32f4xx_usart.o(.text)
    USART_IrDACmd                            0x080027d1   Thumb Code    24  stm32f4xx_usart.o(.text)
    USART_DMACmd                             0x080027e9   Thumb Code    18  stm32f4xx_usart.o(.text)
    USART_ITConfig                           0x080027fb   Thumb Code    74  stm32f4xx_usart.o(.text)
    USART_GetFlagStatus                      0x08002845   Thumb Code    26  stm32f4xx_usart.o(.text)
    USART_ClearFlag                          0x0800285f   Thumb Code    18  stm32f4xx_usart.o(.text)
    USART_GetITStatus                        0x08002871   Thumb Code   118  stm32f4xx_usart.o(.text)
    USART_ClearITPendingBit                  0x080028e7   Thumb Code    30  stm32f4xx_usart.o(.text)
    delay_init                               0x08002905   Thumb Code    52  delay.o(.text)
    delay_us                                 0x08002939   Thumb Code    72  delay.o(.text)
    delay_xms                                0x08002981   Thumb Code    72  delay.o(.text)
    delay_ms                                 0x080029c9   Thumb Code    50  delay.o(.text)
    Timer6_Init                              0x080029fb   Thumb Code    14  delay.o(.text)
    delay_us1                                0x08002a09   Thumb Code    70  delay.o(.text)
    delay_ms1                                0x08002a4f   Thumb Code    74  delay.o(.text)
    wait_ms                                  0x08002a99   Thumb Code    50  delay.o(.text)
    _sys_exit                                0x08002add   Thumb Code     4  usart.o(.text)
    fputc                                    0x08002ae1   Thumb Code    24  usart.o(.text)
    uart_init                                0x08002af9   Thumb Code   164  usart.o(.text)
    Serial_Init                              0x08002ba9   Thumb Code   206  serial.o(.text)
    Serial_SendByte                          0x08002c77   Thumb Code    28  serial.o(.text)
    Serial_SendArray                         0x08002c93   Thumb Code    26  serial.o(.text)
    Serial_SendString                        0x08002cad   Thumb Code    26  serial.o(.text)
    Serial_SendPacket                        0x08002cc7   Thumb Code    24  serial.o(.text)
    Serial_GetRxFlag                         0x08002cdf   Thumb Code    22  serial.o(.text)
    set_Rxstate                              0x08002cf5   Thumb Code     6  serial.o(.text)
    USART1_IRQHandler                        0x08002cfb   Thumb Code   128  serial.o(.text)
    nvic_init                                0x08002d99   Thumb Code    40  board.o(.text)
    clock_init                               0x08002dc1   Thumb Code    20  board.o(.text)
    can_init                                 0x08002dd5   Thumb Code   286  board.o(.text)
    board_init                               0x08002ef3   Thumb Code    16  board.o(.text)
    CAN1_RX0_IRQHandler                      0x08002f0d   Thumb Code    30  can.o(.text)
    can_SendCmd                              0x08002f2b   Thumb Code   250  can.o(.text)
    can_GetRxFlag                            0x08003025   Thumb Code    22  can.o(.text)
    Emm_V5_Reset_CurPos_To_Zero              0x08003049   Thumb Code    46  emm_v5.o(.text)
    Emm_V5_Reset_Clog_Pro                    0x08003077   Thumb Code    46  emm_v5.o(.text)
    Emm_V5_Read_Sys_Params                   0x080030a5   Thumb Code   262  emm_v5.o(.text)
    Emm_V5_Modify_Ctrl_Mode                  0x080031ab   Thumb Code    58  emm_v5.o(.text)
    Emm_V5_En_Control                        0x080031e5   Thumb Code    58  emm_v5.o(.text)
    Emm_V5_Vel_Control                       0x0800321f   Thumb Code    78  emm_v5.o(.text)
    Emm_V5_Pos_Control                       0x0800326d   Thumb Code   108  emm_v5.o(.text)
    Emm_V5_Stop_Now                          0x080032d9   Thumb Code    52  emm_v5.o(.text)
    Emm_V5_Synchronous_motion                0x0800330d   Thumb Code    46  emm_v5.o(.text)
    Emm_V5_Origin_Set_O                      0x0800333b   Thumb Code    52  emm_v5.o(.text)
    Emm_V5_Origin_Modify_Params              0x0800336f   Thumb Code   170  emm_v5.o(.text)
    Emm_V5_Origin_Trigger_Return             0x08003419   Thumb Code    52  emm_v5.o(.text)
    Emm_V5_Origin_Interrupt                  0x0800344d   Thumb Code    46  emm_v5.o(.text)
    car_move                                 0x0800347d   Thumb Code   268  yyb_move.o(.text)
    car_move_distance_x                      0x08003589   Thumb Code   418  yyb_move.o(.text)
    car_move_distance_y                      0x0800372b   Thumb Code   436  yyb_move.o(.text)
    car_move_delay                           0x080038df   Thumb Code   462  yyb_move.o(.text)
    change_SNA1                              0x08003aad   Thumb Code    10  yyb_move.o(.text)
    car_move1                                0x08003ab7   Thumb Code    60  yyb_move.o(.text)
    car_move2                                0x08003af3   Thumb Code    60  yyb_move.o(.text)
    car_move3                                0x08003b2f   Thumb Code    46  yyb_move.o(.text)
    car_move4                                0x08003b5d   Thumb Code    46  yyb_move.o(.text)
    shengjiang_move_delay                    0x08003b8b   Thumb Code   496  yyb_move.o(.text)
    shengjiang_control                       0x08003d7b   Thumb Code   238  yyb_move.o(.text)
    pingtui_control                          0x08003e69   Thumb Code   250  yyb_move.o(.text)
    pingtui_reset                            0x08003f63   Thumb Code    18  yyb_move.o(.text)
    change_A                                 0x08003f75   Thumb Code     6  yyb_move.o(.text)
    PID_Init                                 0x08003fad   Thumb Code    22  pid.o(.text)
    PID_Calc                                 0x08003fc3   Thumb Code   282  pid.o(.text)
    Time_Init                                0x080040dd   Thumb Code   108  pid.o(.text)
    PIDInit                                  0x08004149   Thumb Code    34  pid.o(.text)
    PID_DIL                                  0x0800416b   Thumb Code    32  pid.o(.text)
    PID_move                                 0x0800418b   Thumb Code   350  pid.o(.text)
    PID_move1                                0x080042e9   Thumb Code   134  pid.o(.text)
    TIM4_IRQHandler                          0x0800436f   Thumb Code   332  pid.o(.text)
    car_move_distance                        0x080044bb   Thumb Code    96  pid.o(.text)
    PID_car_move_distance                    0x0800451b   Thumb Code   276  pid.o(.text)
    PWM_Init                                 0x08004675   Thumb Code   268  pwm.o(.text)
    PWM_SetCompare2                          0x08004781   Thumb Code    16  pwm.o(.text)
    PWM_SetCompare3                          0x08004791   Thumb Code    16  pwm.o(.text)
    PWM_SetCompare4                          0x080047a1   Thumb Code    16  pwm.o(.text)
    set_servo_angle                          0x080047b1   Thumb Code    10  pwm.o(.text)
    interpolate                              0x080047bb   Thumb Code   436  pwm.o(.text)
    servo_update                             0x0800496f   Thumb Code   508  pwm.o(.text)
    set_yuantai_Angle                        0x08004b6b   Thumb Code    50  pwm.o(.text)
    set_zhuashou_Angle                       0x08004b9d   Thumb Code    60  pwm.o(.text)
    set_zhuashou_he                          0x08004bd9   Thumb Code    16  pwm.o(.text)
    set_zhuashou_kai                         0x08004be9   Thumb Code    16  pwm.o(.text)
    set_wukuaipingtai_Angle                  0x08004bf9   Thumb Code    28  pwm.o(.text)
    set_wukuaipingtai_weizhi                 0x08004c15   Thumb Code    58  pwm.o(.text)
    TIM2_IRQHandler                          0x08004c4f   Thumb Code    40  pwm.o(.text)
    move_all                                 0x08004c77   Thumb Code  1104  pwm.o(.text)
    move_all1                                0x080050c7   Thumb Code  1002  pwm.o(.text)
    Servo_Init                               0x080054bd   Thumb Code     8  servo.o(.text)
    Servo_SetAngle2_zhuashou                 0x080054c5   Thumb Code    52  servo.o(.text)
    Servo_SetAngle3_wukuaipingtai            0x080054f9   Thumb Code    52  servo.o(.text)
    Servo_SetAngle4_yuntai                   0x0800552d   Thumb Code    52  servo.o(.text)
    Swith_Init                               0x08005571   Thumb Code    44  swith.o(.text)
    swith_out                                0x0800559d   Thumb Code    14  swith.o(.text)
    EXTI0_IRQHandler                         0x080055b1   Thumb Code    24  exti.o(.text)
    Key_EXTI_Init                            0x080055c9   Thumb Code   112  exti.o(.text)
    LED_Toggle                               0x0800563d   Thumb Code    24  led.o(.text)
    LED_Init                                 0x08005655   Thumb Code    86  led.o(.text)
    LED_Toggle0                              0x080056ab   Thumb Code    14  led.o(.text)
    LED_Toggle1                              0x080056b9   Thumb Code    14  led.o(.text)
    LED_Toggle2                              0x080056c7   Thumb Code    14  led.o(.text)
    uart6_init                               0x080056dd   Thumb Code   166  uart6_ckp.o(.text)
    HMISends                                 0x08005783   Thumb Code    44  uart6_ckp.o(.text)
    HMISendb                                 0x080057af   Thumb Code    48  uart6_ckp.o(.text)
    Usart2Init                               0x080057eb   Thumb Code   188  imu.o(.text)
    Uart2Send                                0x08005975   Thumb Code    56  imu.o(.text)
    imu_init                                 0x080059bd   Thumb Code    46  imu.o(.text)
    USART2_IRQHandler                        0x080059eb   Thumb Code    40  imu.o(.text)
    CopeCmdData                              0x08005a13   Thumb Code   116  imu.o(.text)
    imu_scan                                 0x08005a95   Thumb Code   266  imu.o(.text)
    WitSerialWriteRegister                   0x08005c2b   Thumb Code    18  wit_c_sdk.o(.text)
    WitSerialDataIn                          0x08005d17   Thumb Code   462  wit_c_sdk.o(.text)
    WitI2cFuncRegister                       0x08005ee5   Thumb Code    30  wit_c_sdk.o(.text)
    WitCanWriteRegister                      0x08005f03   Thumb Code    18  wit_c_sdk.o(.text)
    WitCanDataIn                             0x08005f15   Thumb Code   108  wit_c_sdk.o(.text)
    WitRegisterCallBack                      0x08005f81   Thumb Code    18  wit_c_sdk.o(.text)
    WitWriteReg                              0x08005f93   Thumb Code   344  wit_c_sdk.o(.text)
    WitReadReg                               0x080060eb   Thumb Code   424  wit_c_sdk.o(.text)
    WitInit                                  0x08006293   Thumb Code    30  wit_c_sdk.o(.text)
    WitDeInit                                0x080062b1   Thumb Code    40  wit_c_sdk.o(.text)
    WitDelayMsRegister                       0x080062d9   Thumb Code    18  wit_c_sdk.o(.text)
    CheckRange                               0x080062eb   Thumb Code    18  wit_c_sdk.o(.text)
    WitStartAccCali                          0x080062fd   Thumb Code    72  wit_c_sdk.o(.text)
    WitStopAccCali                           0x08006345   Thumb Code    70  wit_c_sdk.o(.text)
    WitStartMagCali                          0x0800638b   Thumb Code    72  wit_c_sdk.o(.text)
    WitStopMagCali                           0x080063d3   Thumb Code   122  wit_c_sdk.o(.text)
    WitSetUartBaud                           0x0800644d   Thumb Code    92  wit_c_sdk.o(.text)
    WitSetCanBaud                            0x080064a9   Thumb Code    92  wit_c_sdk.o(.text)
    WitSetBandwidth                          0x08006505   Thumb Code    92  wit_c_sdk.o(.text)
    WitSetOutputRate                         0x08006561   Thumb Code    92  wit_c_sdk.o(.text)
    WitSetContent                            0x080065bd   Thumb Code    94  wit_c_sdk.o(.text)
    WHT101_ANGLEZCali                        0x0800661b   Thumb Code    72  wit_c_sdk.o(.text)
    WHT101_HUIFUHCUCHANG                     0x08006663   Thumb Code    72  wit_c_sdk.o(.text)
    WHT101_SETBAUD                           0x080066ab   Thumb Code    72  wit_c_sdk.o(.text)
    WHT101_SETOUTRATE                        0x080066f3   Thumb Code    72  wit_c_sdk.o(.text)
    Timer_Init                               0x08006745   Thumb Code   146  timer.o(.text)
    OLED_I2C_Init                            0x080067e1   Thumb Code    70  oled.o(.text)
    OLED_I2C_Start                           0x08006827   Thumb Code    68  oled.o(.text)
    OLED_I2C_Stop                            0x0800686b   Thumb Code    52  oled.o(.text)
    OLED_I2C_SendByte                        0x0800689f   Thumb Code    98  oled.o(.text)
    OLED_WriteCommand                        0x08006901   Thumb Code    32  oled.o(.text)
    OLED_WriteData                           0x08006921   Thumb Code    32  oled.o(.text)
    OLED_SetCursor                           0x08006941   Thumb Code    34  oled.o(.text)
    OLED_Clear                               0x08006963   Thumb Code    42  oled.o(.text)
    OLED_ShowChar                            0x0800698d   Thumb Code   110  oled.o(.text)
    OLED_ShowString                          0x080069fb   Thumb Code    40  oled.o(.text)
    OLED_Pow                                 0x08006a23   Thumb Code    20  oled.o(.text)
    OLED_ShowNum                             0x08006a37   Thumb Code    68  oled.o(.text)
    OLED_ShowSignedNum                       0x08006a7b   Thumb Code   102  oled.o(.text)
    OLED_ShowHexNum                          0x08006ae1   Thumb Code    84  oled.o(.text)
    OLED_ShowBinNum                          0x08006b35   Thumb Code    62  oled.o(.text)
    OLED_Init                                0x08006b73   Thumb Code   188  oled.o(.text)
    Timer5_Init                              0x08006c31   Thumb Code   104  time_oled.o(.text)
    uart5_init                               0x08006c9d   Thumb Code   188  usart5.o(.text)
    UART5_SendArray                          0x08006d59   Thumb Code    56  usart5.o(.text)
    UART5_IRQHandler                         0x08006d91   Thumb Code   326  usart5.o(.text)
    UART5_SendString                         0x08006ed7   Thumb Code    38  usart5.o(.text)
    find_congji                              0x08006efd   Thumb Code    52  usart5.o(.text)
    fasong_task_code                         0x08006f31   Thumb Code    68  usart5.o(.text)
    jixie_reset                              0x08006fe9   Thumb Code    90  main.o(.text)
    fangzhi_maduo                            0x08007043   Thumb Code   364  main.o(.text)
    transfer_position_wukuai                 0x080071af   Thumb Code   682  main.o(.text)
    wait_send_shumeipai                      0x08007459   Thumb Code    34  main.o(.text)
    na_blue                                  0x0800747b   Thumb Code   162  main.o(.text)
    na_green                                 0x0800751d   Thumb Code   162  main.o(.text)
    na_red                                   0x080075bf   Thumb Code   132  main.o(.text)
    na                                       0x08007643   Thumb Code    34  main.o(.text)
    fangzhi_blue                             0x08007665   Thumb Code    98  main.o(.text)
    fangzhi_green                            0x080076c7   Thumb Code   128  main.o(.text)
    fangzhi_red                              0x08007747   Thumb Code    98  main.o(.text)
    fangzhi                                  0x080077a9   Thumb Code    34  main.o(.text)
    transfer_position_sehuan                 0x080077cb   Thumb Code   736  main.o(.text)
    yuantai_na2                              0x08007aab   Thumb Code   376  main.o(.text)
    yuantai_na1                              0x08007c23   Thumb Code   214  main.o(.text)
    yuantai_na                               0x08007cf9   Thumb Code   388  main.o(.text)
    clear_ckp                                0x08007e7d   Thumb Code    24  main.o(.text)
    main                                     0x08007e95   Thumb Code   138  main.o(.text)
    TIM5_IRQHandler                          0x08007f1f   Thumb Code   342  main.o(.text)
    NMI_Handler                              0x080080b1   Thumb Code     2  stm32f4xx_it.o(.text)
    HardFault_Handler                        0x080080b3   Thumb Code     4  stm32f4xx_it.o(.text)
    MemManage_Handler                        0x080080b7   Thumb Code     4  stm32f4xx_it.o(.text)
    BusFault_Handler                         0x080080bb   Thumb Code     4  stm32f4xx_it.o(.text)
    UsageFault_Handler                       0x080080bf   Thumb Code     4  stm32f4xx_it.o(.text)
    SVC_Handler                              0x080080c3   Thumb Code     2  stm32f4xx_it.o(.text)
    DebugMon_Handler                         0x080080c5   Thumb Code     2  stm32f4xx_it.o(.text)
    PendSV_Handler                           0x080080c7   Thumb Code     2  stm32f4xx_it.o(.text)
    SysTick_Handler                          0x080080c9   Thumb Code     2  stm32f4xx_it.o(.text)
    SystemInit                               0x080081a9   Thumb Code    88  system_stm32f4xx.o(.text)
    SystemCoreClockUpdate                    0x08008201   Thumb Code   174  system_stm32f4xx.o(.text)
    __use_no_semihosting                     0x080082dd   Thumb Code     2  use_no_semi_2.o(.text)
    __2sprintf                               0x080082e1   Thumb Code    34  noretval__2sprintf.o(.text)
    __aeabi_memcpy                           0x08008309   Thumb Code     0  rt_memcpy_v6.o(.text)
    __rt_memcpy                              0x08008309   Thumb Code   138  rt_memcpy_v6.o(.text)
    _memcpy_lastbytes                        0x0800836f   Thumb Code     0  rt_memcpy_v6.o(.text)
    __aeabi_memclr                           0x08008393   Thumb Code     0  rt_memclr.o(.text)
    __rt_memclr                              0x08008393   Thumb Code    68  rt_memclr.o(.text)
    _memset                                  0x08008397   Thumb Code     0  rt_memclr.o(.text)
    __aeabi_memclr4                          0x080083d7   Thumb Code     0  rt_memclr_w.o(.text)
    __aeabi_memclr8                          0x080083d7   Thumb Code     0  rt_memclr_w.o(.text)
    __rt_memclr_w                            0x080083d7   Thumb Code    78  rt_memclr_w.o(.text)
    _memset_w                                0x080083db   Thumb Code     0  rt_memclr_w.o(.text)
    __use_two_region_memory                  0x08008425   Thumb Code     2  heapauxi.o(.text)
    __rt_heap_escrow$2region                 0x08008427   Thumb Code     2  heapauxi.o(.text)
    __rt_heap_expand$2region                 0x08008429   Thumb Code     2  heapauxi.o(.text)
    __I$use$semihosting                      0x0800842b   Thumb Code     0  use_no_semi.o(.text)
    __use_no_semihosting_swi                 0x0800842b   Thumb Code     2  use_no_semi.o(.text)
    __read_errno                             0x0800842d   Thumb Code    10  _rserrno.o(.text)
    __set_errno                              0x08008437   Thumb Code    12  _rserrno.o(.text)
    _printf_char_common                      0x0800844f   Thumb Code    32  _printf_char_common.o(.text)
    _sputc                                   0x08008475   Thumb Code    10  _sputc.o(.text)
    __aeabi_memcpy4                          0x0800847f   Thumb Code     0  rt_memcpy_w.o(.text)
    __aeabi_memcpy8                          0x0800847f   Thumb Code     0  rt_memcpy_w.o(.text)
    __rt_memcpy_w                            0x0800847f   Thumb Code   100  rt_memcpy_w.o(.text)
    _memcpy_lastbytes_aligned                0x080084c7   Thumb Code     0  rt_memcpy_w.o(.text)
    __aeabi_errno_addr                       0x080084e5   Thumb Code     8  rt_errno_addr_intlibspace.o(.text)
    __errno$intlibspace                      0x080084e5   Thumb Code     0  rt_errno_addr_intlibspace.o(.text)
    __rt_errno_addr$intlibspace              0x080084e5   Thumb Code     0  rt_errno_addr_intlibspace.o(.text)
    __printf                                 0x080084ed   Thumb Code    40  __printf_nopercent.o(.text)
    __user_libspace                          0x08008515   Thumb Code     8  libspace.o(.text)
    __user_perproc_libspace                  0x08008515   Thumb Code     0  libspace.o(.text)
    __user_perthread_libspace                0x08008515   Thumb Code     0  libspace.o(.text)
    __user_setup_stackheap                   0x0800851d   Thumb Code    74  sys_stackheap_outer.o(.text)
    exit                                     0x08008567   Thumb Code    18  exit.o(.text)
    __ARM_fpclassify                         0x08008579   Thumb Code    48  fpclassify.o(i.__ARM_fpclassify)
    __hardfp_fabs                            0x080085a9   Thumb Code    20  fabs.o(i.__hardfp_fabs)
    __hardfp_fmax                            0x080085bd   Thumb Code   116  fmax.o(i.__hardfp_fmax)
    __hardfp_pow                             0x08008631   Thumb Code  3072  pow.o(i.__hardfp_pow)
    __kernel_poly                            0x08009281   Thumb Code   248  poly.o(i.__kernel_poly)
    __mathlib_dbl_divzero                    0x08009379   Thumb Code    28  dunder.o(i.__mathlib_dbl_divzero)
    __mathlib_dbl_infnan2                    0x080093a9   Thumb Code    20  dunder.o(i.__mathlib_dbl_infnan2)
    __mathlib_dbl_invalid                    0x080093c1   Thumb Code    24  dunder.o(i.__mathlib_dbl_invalid)
    __mathlib_dbl_overflow                   0x080093e1   Thumb Code    24  dunder.o(i.__mathlib_dbl_overflow)
    __mathlib_dbl_underflow                  0x08009401   Thumb Code    24  dunder.o(i.__mathlib_dbl_underflow)
    fabs                                     0x08009421   Thumb Code    24  fabs.o(i.fabs)
    sqrt                                     0x08009439   Thumb Code   110  sqrt.o(i.sqrt)
    __aeabi_dneg                             0x080094a7   Thumb Code     0  basic.o(x$fpl$basic)
    _dneg                                    0x080094a7   Thumb Code     6  basic.o(x$fpl$basic)
    __aeabi_fneg                             0x080094ad   Thumb Code     0  basic.o(x$fpl$basic)
    _fneg                                    0x080094ad   Thumb Code     6  basic.o(x$fpl$basic)
    _dabs                                    0x080094b3   Thumb Code     6  basic.o(x$fpl$basic)
    _fabs                                    0x080094b9   Thumb Code     6  basic.o(x$fpl$basic)
    __aeabi_d2f                              0x080094c1   Thumb Code     0  d2f.o(x$fpl$d2f)
    _d2f                                     0x080094c1   Thumb Code    98  d2f.o(x$fpl$d2f)
    __aeabi_dadd                             0x08009525   Thumb Code     0  daddsub_clz.o(x$fpl$dadd)
    _dadd                                    0x08009525   Thumb Code   332  daddsub_clz.o(x$fpl$dadd)
    __fpl_dcheck_NaN1                        0x08009675   Thumb Code    10  dcheck1.o(x$fpl$dcheck1)
    __dcmp4                                  0x08009685   Thumb Code    98  dcmp4.o(x$fpl$dcmp4)
    __ARM_dcmp4                              0x080096e7   Thumb Code     0  dcmp4.o(x$fpl$dcmp4)
    _dcmp4                                   0x080096e7   Thumb Code    60  dcmp4.o(x$fpl$dcmp4)
    __dcmp4e                                 0x08009723   Thumb Code    98  dcmp4.o(x$fpl$dcmp4)
    __ARM_dcmp4e                             0x08009785   Thumb Code     0  dcmp4.o(x$fpl$dcmp4)
    _dcmp4e                                  0x08009785   Thumb Code    54  dcmp4.o(x$fpl$dcmp4)
    __fpl_dcmp_Inf                           0x080097bb   Thumb Code    24  dcmpi.o(x$fpl$dcmpinf)
    __aeabi_ddiv                             0x080097d5   Thumb Code     0  ddiv.o(x$fpl$ddiv)
    _ddiv                                    0x080097d5   Thumb Code   552  ddiv.o(x$fpl$ddiv)
    __aeabi_d2iz                             0x08009a85   Thumb Code     0  dfix.o(x$fpl$dfix)
    _dfix                                    0x08009a85   Thumb Code    94  dfix.o(x$fpl$dfix)
    __aeabi_d2uiz                            0x08009ae5   Thumb Code     0  dfixu.o(x$fpl$dfixu)
    _dfixu                                   0x08009ae5   Thumb Code    90  dfixu.o(x$fpl$dfixu)
    __aeabi_i2d                              0x08009b3f   Thumb Code     0  dflt_clz.o(x$fpl$dflt)
    _dflt                                    0x08009b3f   Thumb Code    46  dflt_clz.o(x$fpl$dflt)
    __aeabi_ui2d                             0x08009b6d   Thumb Code     0  dflt_clz.o(x$fpl$dfltu)
    _dfltu                                   0x08009b6d   Thumb Code    38  dflt_clz.o(x$fpl$dfltu)
    __aeabi_cdcmple                          0x08009b95   Thumb Code     0  dleqf.o(x$fpl$dleqf)
    _dcmple                                  0x08009b95   Thumb Code   120  dleqf.o(x$fpl$dleqf)
    __fpl_dcmple_InfNaN                      0x08009bf7   Thumb Code     0  dleqf.o(x$fpl$dleqf)
    __aeabi_dmul                             0x08009c0d   Thumb Code     0  dmul.o(x$fpl$dmul)
    _dmul                                    0x08009c0d   Thumb Code   332  dmul.o(x$fpl$dmul)
    __fpl_dnaninf                            0x08009d61   Thumb Code   156  dnaninf.o(x$fpl$dnaninf)
    __fpl_dretinf                            0x08009dfd   Thumb Code    12  dretinf.o(x$fpl$dretinf)
    __aeabi_cdrcmple                         0x08009e09   Thumb Code     0  drleqf.o(x$fpl$drleqf)
    _drcmple                                 0x08009e09   Thumb Code   108  drleqf.o(x$fpl$drleqf)
    __aeabi_drsub                            0x08009e75   Thumb Code     0  daddsub_clz.o(x$fpl$drsb)
    _drsb                                    0x08009e75   Thumb Code    22  daddsub_clz.o(x$fpl$drsb)
    _dsqrt                                   0x08009e8d   Thumb Code   404  dsqrt_umaal.o(x$fpl$dsqrt)
    __aeabi_dsub                             0x0800a025   Thumb Code     0  daddsub_clz.o(x$fpl$dsub)
    _dsub                                    0x0800a025   Thumb Code   464  daddsub_clz.o(x$fpl$dsub)
    __aeabi_f2d                              0x0800a1f9   Thumb Code     0  f2d.o(x$fpl$f2d)
    _f2d                                     0x0800a1f9   Thumb Code    86  f2d.o(x$fpl$f2d)
    __fpl_fnaninf                            0x0800a24f   Thumb Code   140  fnaninf.o(x$fpl$fnaninf)
    _fp_init                                 0x0800a2db   Thumb Code    10  fpinit.o(x$fpl$fpinit)
    __fplib_config_fpu_vfp                   0x0800a2e3   Thumb Code     0  fpinit.o(x$fpl$fpinit)
    __fplib_config_pureend_doubles           0x0800a2e3   Thumb Code     0  fpinit.o(x$fpl$fpinit)
    __fpl_fretinf                            0x0800a2e5   Thumb Code    10  fretinf.o(x$fpl$fretinf)
    __fpl_return_NaN                         0x0800a2ef   Thumb Code   100  retnan.o(x$fpl$retnan)
    __ARM_scalbn                             0x0800a353   Thumb Code    92  scalbn.o(x$fpl$scalbn)
    __fpl_cmpreturn                          0x0800a3af   Thumb Code    48  trapv.o(x$fpl$trapveneer)
    __I$use$fp                               0x0800a3de   Number         0  usenofp.o(x$fpl$usenofp)
    c_uiBaud                                 0x0800a3e0   Data          40  imu.o(.constdata)
    OLED_F8x16                               0x0800a608   Data        1520  oled.o(.constdata)
    __mathlib_zero                           0x0800ac80   Data           8  qnan.o(.constdata)
    Region$$Table$$Base                      0x0800ac88   Number         0  anon$$obj.o(Region$$Table)
    Region$$Table$$Limit                     0x0800aca8   Number         0  anon$$obj.o(Region$$Table)
    Serial_RxFlag                            0x20000014   Data           1  serial.o(.data)
    can_RxFlag                               0x20000017   Data           1  can.o(.data)
    test4                                    0x20000018   Data           1  can.o(.data)
    car_move_speed                           0x2000001c   Data           4  yyb_move.o(.data)
    a1                                       0x20000020   Data           4  yyb_move.o(.data)
    a                                        0x20000024   Data           4  yyb_move.o(.data)
    feedbackValue                            0x20000034   Data           4  pid.o(.data)
    feedbackValue_pre                        0x20000038   Data           4  pid.o(.data)
    targetValue                              0x2000003c   Data           4  pid.o(.data)
    vx                                       0x20000040   Data           4  pid.o(.data)
    vy                                       0x20000044   Data           4  pid.o(.data)
    omiga                                    0x20000048   Data           4  pid.o(.data)
    flag                                     0x2000004c   Data           4  pid.o(.data)
    delay_time                               0x20000050   Data           4  pid.o(.data)
    real_time                                0x20000054   Data           4  pid.o(.data)
    dianji_move_flag                         0x20000058   Data           1  pid.o(.data)
    PID_control_flag                         0x20000059   Data           1  pid.o(.data)
    circle                                   0x2000005a   Data           1  pid.o(.data)
    same_time                                0x2000005c   Data           4  pid.o(.data)
    yuantai                                  0x20000060   Data          28  pwm.o(.data)
    zhuashou                                 0x2000007c   Data          28  pwm.o(.data)
    wukuaipingtai                            0x20000098   Data          28  pwm.o(.data)
    realbaud                                 0x200000b4   Data           4  imu.o(.data)
    USART5_RX_STA                            0x200000e8   Data           2  usart5.o(.data)
    i                                        0x200000ec   Data           4  usart5.o(.data)
    direct_x                                 0x200000f0   Data           4  main.o(.data)
    direct_y                                 0x200000f4   Data           4  main.o(.data)
    distance_wukuai                          0x200000f8   Data           4  main.o(.data)
    x_origin                                 0x200000fc   Data           4  main.o(.data)
    y_origin                                 0x20000100   Data           4  main.o(.data)
    angle                                    0x20000104   Data           4  main.o(.data)
    message                                  0x20000108   Data          33  main.o(.data)
    SystemCoreClock                          0x2000012c   Data           4  system_stm32f4xx.o(.data)
    AHBPrescTable                            0x20000130   Data          16  system_stm32f4xx.o(.data)
    Serial_TxPacket                          0x20000140   Data           9  serial.o(.bss)
    Serial_RxPacket                          0x20000149   Data           9  serial.o(.bss)
    code1                                    0x20000154   Data          12  serial.o(.bss)
    code2                                    0x20000160   Data          12  serial.o(.bss)
    can                                      0x2000016c   Data          44  can.o(.bss)
    fAcc                                     0x20000198   Data          12  pid.o(.bss)
    fGyro                                    0x200001a4   Data          12  pid.o(.bss)
    fAngle                                   0x200001b0   Data          12  pid.o(.bss)
    mypid                                    0x200001bc   Data          36  pid.o(.bss)
    sReg                                     0x20000312   Data         288  wit_c_sdk.o(.bss)
    test                                     0x2000043c   Data          10  usart5.o(.bss)
    tjcstr                                   0x20000448   Data         100  main.o(.bss)
    acc                                      0x200004ac   Data          16  main.o(.bss)
    task                                     0x200004bc   Data          24  main.o(.bss)
    ypcode                                   0x200004d4   Data          24  main.o(.bss)
    __libspace_start                         0x200004ec   Data          96  libspace.o(.bss)
    __temporary_stack_top$libspace           0x2000054c   Data           0  libspace.o(.bss)



==============================================================================

Memory Map of the image

  Image Entry point : 0x08000189

  Load Region LR_IROM1 (Base: 0x08000000, Size: 0x0000ade8, Max: 0x00100000, ABSOLUTE, COMPRESSED[0x0000ad18])

    Execution Region ER_IROM1 (Exec base: 0x08000000, Load base: 0x08000000, Size: 0x0000aca8, Max: 0x00100000, ABSOLUTE)

    Exec Addr    Load Addr    Size         Type   Attr      Idx    E Section Name        Object

    0x08000000   0x08000000   0x00000188   Data   RO            3    RESET               startup_stm32f40_41xxx.o
    0x08000188   0x08000188   0x00000008   Code   RO         1849  * !!!main             c_w.l(__main.o)
    0x08000190   0x08000190   0x00000034   Code   RO         2137    !!!scatter          c_w.l(__scatter.o)
    0x080001c4   0x080001c4   0x0000005a   Code   RO         2135    !!dczerorl2         c_w.l(__dczerorl2.o)
    0x0800021e   0x0800021e   0x00000002   PAD
    0x08000220   0x08000220   0x0000001c   Code   RO         2139    !!handler_zi        c_w.l(__scatter_zi.o)
    0x0800023c   0x0800023c   0x00000002   Code   RO         2006    .ARM.Collect$$libinit$$00000000  c_w.l(libinit.o)
    0x0800023e   0x0800023e   0x00000004   Code   RO         2011    .ARM.Collect$$libinit$$00000001  c_w.l(libinit2.o)
    0x08000242   0x08000242   0x00000000   Code   RO         2014    .ARM.Collect$$libinit$$00000004  c_w.l(libinit2.o)
    0x08000242   0x08000242   0x00000000   Code   RO         2017    .ARM.Collect$$libinit$$0000000A  c_w.l(libinit2.o)
    0x08000242   0x08000242   0x00000000   Code   RO         2019    .ARM.Collect$$libinit$$0000000C  c_w.l(libinit2.o)
    0x08000242   0x08000242   0x00000000   Code   RO         2021    .ARM.Collect$$libinit$$0000000E  c_w.l(libinit2.o)
    0x08000242   0x08000242   0x00000000   Code   RO         2024    .ARM.Collect$$libinit$$00000011  c_w.l(libinit2.o)
    0x08000242   0x08000242   0x00000000   Code   RO         2026    .ARM.Collect$$libinit$$00000013  c_w.l(libinit2.o)
    0x08000242   0x08000242   0x00000000   Code   RO         2028    .ARM.Collect$$libinit$$00000015  c_w.l(libinit2.o)
    0x08000242   0x08000242   0x00000000   Code   RO         2030    .ARM.Collect$$libinit$$00000017  c_w.l(libinit2.o)
    0x08000242   0x08000242   0x00000000   Code   RO         2032    .ARM.Collect$$libinit$$00000019  c_w.l(libinit2.o)
    0x08000242   0x08000242   0x00000000   Code   RO         2034    .ARM.Collect$$libinit$$0000001B  c_w.l(libinit2.o)
    0x08000242   0x08000242   0x00000000   Code   RO         2036    .ARM.Collect$$libinit$$0000001D  c_w.l(libinit2.o)
    0x08000242   0x08000242   0x00000000   Code   RO         2038    .ARM.Collect$$libinit$$0000001F  c_w.l(libinit2.o)
    0x08000242   0x08000242   0x00000000   Code   RO         2040    .ARM.Collect$$libinit$$00000021  c_w.l(libinit2.o)
    0x08000242   0x08000242   0x00000000   Code   RO         2042    .ARM.Collect$$libinit$$00000023  c_w.l(libinit2.o)
    0x08000242   0x08000242   0x00000000   Code   RO         2044    .ARM.Collect$$libinit$$00000025  c_w.l(libinit2.o)
    0x08000242   0x08000242   0x00000000   Code   RO         2048    .ARM.Collect$$libinit$$0000002C  c_w.l(libinit2.o)
    0x08000242   0x08000242   0x00000000   Code   RO         2050    .ARM.Collect$$libinit$$0000002E  c_w.l(libinit2.o)
    0x08000242   0x08000242   0x00000000   Code   RO         2052    .ARM.Collect$$libinit$$00000030  c_w.l(libinit2.o)
    0x08000242   0x08000242   0x00000000   Code   RO         2054    .ARM.Collect$$libinit$$00000032  c_w.l(libinit2.o)
    0x08000242   0x08000242   0x00000002   Code   RO         2055    .ARM.Collect$$libinit$$00000033  c_w.l(libinit2.o)
    0x08000244   0x08000244   0x00000002   Code   RO         2075    .ARM.Collect$$libshutdown$$00000000  c_w.l(libshutdown.o)
    0x08000246   0x08000246   0x00000000   Code   RO         2085    .ARM.Collect$$libshutdown$$00000002  c_w.l(libshutdown2.o)
    0x08000246   0x08000246   0x00000000   Code   RO         2087    .ARM.Collect$$libshutdown$$00000004  c_w.l(libshutdown2.o)
    0x08000246   0x08000246   0x00000000   Code   RO         2089    .ARM.Collect$$libshutdown$$00000006  c_w.l(libshutdown2.o)
    0x08000246   0x08000246   0x00000000   Code   RO         2092    .ARM.Collect$$libshutdown$$00000009  c_w.l(libshutdown2.o)
    0x08000246   0x08000246   0x00000000   Code   RO         2095    .ARM.Collect$$libshutdown$$0000000C  c_w.l(libshutdown2.o)
    0x08000246   0x08000246   0x00000000   Code   RO         2097    .ARM.Collect$$libshutdown$$0000000E  c_w.l(libshutdown2.o)
    0x08000246   0x08000246   0x00000000   Code   RO         2100    .ARM.Collect$$libshutdown$$00000011  c_w.l(libshutdown2.o)
    0x08000246   0x08000246   0x00000002   Code   RO         2101    .ARM.Collect$$libshutdown$$00000012  c_w.l(libshutdown2.o)
    0x08000248   0x08000248   0x00000000   Code   RO         1913    .ARM.Collect$$rtentry$$00000000  c_w.l(__rtentry.o)
    0x08000248   0x08000248   0x00000000   Code   RO         1969    .ARM.Collect$$rtentry$$00000002  c_w.l(__rtentry2.o)
    0x08000248   0x08000248   0x00000006   Code   RO         1981    .ARM.Collect$$rtentry$$00000004  c_w.l(__rtentry4.o)
    0x0800024e   0x0800024e   0x00000000   Code   RO         1971    .ARM.Collect$$rtentry$$00000009  c_w.l(__rtentry2.o)
    0x0800024e   0x0800024e   0x00000004   Code   RO         1972    .ARM.Collect$$rtentry$$0000000A  c_w.l(__rtentry2.o)
    0x08000252   0x08000252   0x00000000   Code   RO         1974    .ARM.Collect$$rtentry$$0000000C  c_w.l(__rtentry2.o)
    0x08000252   0x08000252   0x00000008   Code   RO         1975    .ARM.Collect$$rtentry$$0000000D  c_w.l(__rtentry2.o)
    0x0800025a   0x0800025a   0x00000002   Code   RO         2009    .ARM.Collect$$rtexit$$00000000  c_w.l(rtexit.o)
    0x0800025c   0x0800025c   0x00000000   Code   RO         2059    .ARM.Collect$$rtexit$$00000002  c_w.l(rtexit2.o)
    0x0800025c   0x0800025c   0x00000004   Code   RO         2060    .ARM.Collect$$rtexit$$00000003  c_w.l(rtexit2.o)
    0x08000260   0x08000260   0x00000006   Code   RO         2061    .ARM.Collect$$rtexit$$00000004  c_w.l(rtexit2.o)
    0x08000266   0x08000266   0x00000002   PAD
    0x08000268   0x08000268   0x00000040   Code   RO            4    .text               startup_stm32f40_41xxx.o
    0x080002a8   0x080002a8   0x000000e0   Code   RO           12    .text               misc.o
    0x08000388   0x08000388   0x000009f0   Code   RO          157    .text               stm32f4xx_can.o
    0x08000d78   0x08000d78   0x00000110   Code   RO          380    .text               stm32f4xx_exti.o
    0x08000e88   0x08000e88   0x00000294   Code   RO          567    .text               stm32f4xx_gpio.o
    0x0800111c   0x0800111c   0x0000065c   Code   RO          730    .text               stm32f4xx_rcc.o
    0x08001778   0x08001778   0x00000094   Code   RO          855    .text               stm32f4xx_syscfg.o
    0x0800180c   0x0800180c   0x00000ca2   Code   RO          875    .text               stm32f4xx_tim.o
    0x080024ae   0x080024ae   0x00000002   PAD
    0x080024b0   0x080024b0   0x00000454   Code   RO          895    .text               stm32f4xx_usart.o
    0x08002904   0x08002904   0x000001d8   Code   RO          935    .text               delay.o
    0x08002adc   0x08002adc   0x000000cc   Code   RO          981    .text               usart.o
    0x08002ba8   0x08002ba8   0x000001f0   Code   RO         1015    .text               serial.o
    0x08002d98   0x08002d98   0x00000174   Code   RO         1046    .text               board.o
    0x08002f0c   0x08002f0c   0x0000013c   Code   RO         1072    .text               can.o
    0x08003048   0x08003048   0x00000432   Code   RO         1103    .text               emm_v5.o
    0x0800347a   0x0800347a   0x00000002   PAD
    0x0800347c   0x0800347c   0x00000b30   Code   RO         1156    .text               yyb_move.o
    0x08003fac   0x08003fac   0x000006c8   Code   RO         1193    .text               pid.o
    0x08004674   0x08004674   0x00000e48   Code   RO         1239    .text               pwm.o
    0x080054bc   0x080054bc   0x000000b4   Code   RO         1389    .text               servo.o
    0x08005570   0x08005570   0x00000040   Code   RO         1409    .text               swith.o
    0x080055b0   0x080055b0   0x0000008c   Code   RO         1429    .text               exti.o
    0x0800563c   0x0800563c   0x000000a0   Code   RO         1479    .text               led.o
    0x080056dc   0x080056dc   0x0000010c   Code   RO         1499    .text               uart6_ckp.o
    0x080057e8   0x080057e8   0x000003f8   Code   RO         1523    .text               imu.o
    0x08005be0   0x08005be0   0x00000b64   Code   RO         1549    .text               wit_c_sdk.o
    0x08006744   0x08006744   0x0000009c   Code   RO         1571    .text               timer.o
    0x080067e0   0x080067e0   0x0000044e   Code   RO         1591    .text               oled.o
    0x08006c2e   0x08006c2e   0x00000002   PAD
    0x08006c30   0x08006c30   0x0000006c   Code   RO         1620    .text               time_oled.o
    0x08006c9c   0x08006c9c   0x0000034c   Code   RO         1640    .text               usart5.o
    0x08006fe8   0x08006fe8   0x000010c8   Code   RO         1670    .text               main.o
    0x080080b0   0x080080b0   0x0000001a   Code   RO         1786    .text               stm32f4xx_it.o
    0x080080ca   0x080080ca   0x00000002   PAD
    0x080080cc   0x080080cc   0x00000210   Code   RO         1809    .text               system_stm32f4xx.o
    0x080082dc   0x080082dc   0x00000002   Code   RO         1835    .text               c_w.l(use_no_semi_2.o)
    0x080082de   0x080082de   0x00000002   PAD
    0x080082e0   0x080082e0   0x00000028   Code   RO         1839    .text               c_w.l(noretval__2sprintf.o)
    0x08008308   0x08008308   0x0000008a   Code   RO         1841    .text               c_w.l(rt_memcpy_v6.o)
    0x08008392   0x08008392   0x00000044   Code   RO         1843    .text               c_w.l(rt_memclr.o)
    0x080083d6   0x080083d6   0x0000004e   Code   RO         1845    .text               c_w.l(rt_memclr_w.o)
    0x08008424   0x08008424   0x00000006   Code   RO         1847    .text               c_w.l(heapauxi.o)
    0x0800842a   0x0800842a   0x00000002   Code   RO         1911    .text               c_w.l(use_no_semi.o)
    0x0800842c   0x0800842c   0x00000016   Code   RO         1914    .text               c_w.l(_rserrno.o)
    0x08008442   0x08008442   0x00000002   PAD
    0x08008444   0x08008444   0x00000030   Code   RO         1916    .text               c_w.l(_printf_char_common.o)
    0x08008474   0x08008474   0x0000000a   Code   RO         1918    .text               c_w.l(_sputc.o)
    0x0800847e   0x0800847e   0x00000064   Code   RO         1920    .text               c_w.l(rt_memcpy_w.o)
    0x080084e2   0x080084e2   0x00000002   PAD
    0x080084e4   0x080084e4   0x00000008   Code   RO         1986    .text               c_w.l(rt_errno_addr_intlibspace.o)
    0x080084ec   0x080084ec   0x00000028   Code   RO         1988    .text               c_w.l(__printf_nopercent.o)
    0x08008514   0x08008514   0x00000008   Code   RO         1994    .text               c_w.l(libspace.o)
    0x0800851c   0x0800851c   0x0000004a   Code   RO         1997    .text               c_w.l(sys_stackheap_outer.o)
    0x08008566   0x08008566   0x00000012   Code   RO         1999    .text               c_w.l(exit.o)
    0x08008578   0x08008578   0x00000030   Code   RO         1951    i.__ARM_fpclassify  m_wm.l(fpclassify.o)
    0x080085a8   0x080085a8   0x00000014   Code   RO         1887    i.__hardfp_fabs     m_wm.l(fabs.o)
    0x080085bc   0x080085bc   0x00000074   Code   RO         1893    i.__hardfp_fmax     m_wm.l(fmax.o)
    0x08008630   0x08008630   0x00000c50   Code   RO         1897    i.__hardfp_pow      m_wm.l(pow.o)
    0x08009280   0x08009280   0x000000f8   Code   RO         1953    i.__kernel_poly     m_wm.l(poly.o)
    0x08009378   0x08009378   0x00000030   Code   RO         1937    i.__mathlib_dbl_divzero  m_wm.l(dunder.o)
    0x080093a8   0x080093a8   0x00000014   Code   RO         1939    i.__mathlib_dbl_infnan2  m_wm.l(dunder.o)
    0x080093bc   0x080093bc   0x00000004   PAD
    0x080093c0   0x080093c0   0x00000020   Code   RO         1940    i.__mathlib_dbl_invalid  m_wm.l(dunder.o)
    0x080093e0   0x080093e0   0x00000020   Code   RO         1941    i.__mathlib_dbl_overflow  m_wm.l(dunder.o)
    0x08009400   0x08009400   0x00000020   Code   RO         1943    i.__mathlib_dbl_underflow  m_wm.l(dunder.o)
    0x08009420   0x08009420   0x00000018   Code   RO         1889    i.fabs              m_wm.l(fabs.o)
    0x08009438   0x08009438   0x0000006e   Code   RO         1958    i.sqrt              m_wm.l(sqrt.o)
    0x080094a6   0x080094a6   0x00000018   Code   RO         1851    x$fpl$basic         fz_wm.l(basic.o)
    0x080094be   0x080094be   0x00000002   PAD
    0x080094c0   0x080094c0   0x00000062   Code   RO         1853    x$fpl$d2f           fz_wm.l(d2f.o)
    0x08009522   0x08009522   0x00000002   PAD
    0x08009524   0x08009524   0x00000150   Code   RO         1855    x$fpl$dadd          fz_wm.l(daddsub_clz.o)
    0x08009674   0x08009674   0x00000010   Code   RO         1990    x$fpl$dcheck1       fz_wm.l(dcheck1.o)
    0x08009684   0x08009684   0x00000136   Code   RO         1922    x$fpl$dcmp4         fz_wm.l(dcmp4.o)
    0x080097ba   0x080097ba   0x00000018   Code   RO         1924    x$fpl$dcmpinf       fz_wm.l(dcmpi.o)
    0x080097d2   0x080097d2   0x00000002   PAD
    0x080097d4   0x080097d4   0x000002b0   Code   RO         1862    x$fpl$ddiv          fz_wm.l(ddiv.o)
    0x08009a84   0x08009a84   0x0000005e   Code   RO         1865    x$fpl$dfix          fz_wm.l(dfix.o)
    0x08009ae2   0x08009ae2   0x00000002   PAD
    0x08009ae4   0x08009ae4   0x0000005a   Code   RO         1869    x$fpl$dfixu         fz_wm.l(dfixu.o)
    0x08009b3e   0x08009b3e   0x0000002e   Code   RO         1874    x$fpl$dflt          fz_wm.l(dflt_clz.o)
    0x08009b6c   0x08009b6c   0x00000026   Code   RO         1873    x$fpl$dfltu         fz_wm.l(dflt_clz.o)
    0x08009b92   0x08009b92   0x00000002   PAD
    0x08009b94   0x08009b94   0x00000078   Code   RO         1879    x$fpl$dleqf         fz_wm.l(dleqf.o)
    0x08009c0c   0x08009c0c   0x00000154   Code   RO         1881    x$fpl$dmul          fz_wm.l(dmul.o)
    0x08009d60   0x08009d60   0x0000009c   Code   RO         1926    x$fpl$dnaninf       fz_wm.l(dnaninf.o)
    0x08009dfc   0x08009dfc   0x0000000c   Code   RO         1928    x$fpl$dretinf       fz_wm.l(dretinf.o)
    0x08009e08   0x08009e08   0x0000006c   Code   RO         1883    x$fpl$drleqf        fz_wm.l(drleqf.o)
    0x08009e74   0x08009e74   0x00000016   Code   RO         1856    x$fpl$drsb          fz_wm.l(daddsub_clz.o)
    0x08009e8a   0x08009e8a   0x00000002   PAD
    0x08009e8c   0x08009e8c   0x00000198   Code   RO         1992    x$fpl$dsqrt         fz_wm.l(dsqrt_umaal.o)
    0x0800a024   0x0800a024   0x000001d4   Code   RO         1857    x$fpl$dsub          fz_wm.l(daddsub_clz.o)
    0x0800a1f8   0x0800a1f8   0x00000056   Code   RO         1885    x$fpl$f2d           fz_wm.l(f2d.o)
    0x0800a24e   0x0800a24e   0x0000008c   Code   RO         1930    x$fpl$fnaninf       fz_wm.l(fnaninf.o)
    0x0800a2da   0x0800a2da   0x0000000a   Code   RO         2067    x$fpl$fpinit        fz_wm.l(fpinit.o)
    0x0800a2e4   0x0800a2e4   0x0000000a   Code   RO         1932    x$fpl$fretinf       fz_wm.l(fretinf.o)
    0x0800a2ee   0x0800a2ee   0x00000064   Code   RO         2007    x$fpl$retnan        fz_wm.l(retnan.o)
    0x0800a352   0x0800a352   0x0000005c   Code   RO         1934    x$fpl$scalbn        fz_wm.l(scalbn.o)
    0x0800a3ae   0x0800a3ae   0x00000030   Code   RO         2056    x$fpl$trapveneer    fz_wm.l(trapv.o)
    0x0800a3de   0x0800a3de   0x00000000   Code   RO         1936    x$fpl$usenofp       fz_wm.l(usenofp.o)
    0x0800a3de   0x0800a3de   0x00000002   PAD
    0x0800a3e0   0x0800a3e0   0x00000028   Data   RO         1525    .constdata          imu.o
    0x0800a408   0x0800a408   0x00000200   Data   RO         1551    .constdata          wit_c_sdk.o
    0x0800a608   0x0800a608   0x000005f0   Data   RO         1592    .constdata          oled.o
    0x0800abf8   0x0800abf8   0x00000088   Data   RO         1900    .constdata          m_wm.l(pow.o)
    0x0800ac80   0x0800ac80   0x00000008   Data   RO         1955    .constdata          m_wm.l(qnan.o)
    0x0800ac88   0x0800ac88   0x00000020   Data   RO         2133    Region$$Table       anon$$obj.o


    Execution Region RW_IRAM1 (Exec base: 0x20000000, Load base: 0x0800aca8, Size: 0x00000b50, Max: 0x00020000, ABSOLUTE, COMPRESSED[0x00000070])

    Exec Addr    Load Addr    Size         Type   Attr      Idx    E Section Name        Object

    0x20000000   COMPRESSED   0x00000010   Data   RW          731    .data               stm32f4xx_rcc.o
    0x20000010   COMPRESSED   0x00000004   Data   RW          936    .data               delay.o
    0x20000014   COMPRESSED   0x00000003   Data   RW         1017    .data               serial.o
    0x20000017   COMPRESSED   0x00000002   Data   RW         1074    .data               can.o
    0x20000019   COMPRESSED   0x00000003   PAD
    0x2000001c   COMPRESSED   0x00000018   Data   RW         1157    .data               yyb_move.o
    0x20000034   COMPRESSED   0x0000002c   Data   RW         1195    .data               pid.o
    0x20000060   COMPRESSED   0x00000054   Data   RW         1240    .data               pwm.o
    0x200000b4   COMPRESSED   0x00000007   Data   RW         1526    .data               imu.o
    0x200000bb   COMPRESSED   0x00000001   PAD
    0x200000bc   COMPRESSED   0x00000028   Data   RW         1552    .data               wit_c_sdk.o
    0x200000e4   COMPRESSED   0x0000000c   Data   RW         1642    .data               usart5.o
    0x200000f0   COMPRESSED   0x00000039   Data   RW         1672    .data               main.o
    0x20000129   COMPRESSED   0x00000003   PAD
    0x2000012c   COMPRESSED   0x00000014   Data   RW         1810    .data               system_stm32f4xx.o
    0x20000140        -       0x0000002c   Zero   RW         1016    .bss                serial.o
    0x2000016c        -       0x0000002c   Zero   RW         1073    .bss                can.o
    0x20000198        -       0x00000048   Zero   RW         1194    .bss                pid.o
    0x200001e0        -       0x00000032   Zero   RW         1524    .bss                imu.o
    0x20000212        -       0x00000220   Zero   RW         1550    .bss                wit_c_sdk.o
    0x20000432        -       0x00000014   Zero   RW         1641    .bss                usart5.o
    0x20000446   COMPRESSED   0x00000002   PAD
    0x20000448        -       0x000000a4   Zero   RW         1671    .bss                main.o
    0x200004ec        -       0x00000060   Zero   RW         1995    .bss                c_w.l(libspace.o)
    0x2000054c   COMPRESSED   0x00000004   PAD
    0x20000550        -       0x00000200   Zero   RW            2    HEAP                startup_stm32f40_41xxx.o
    0x20000750        -       0x00000400   Zero   RW            1    STACK               startup_stm32f40_41xxx.o


==============================================================================

Image component sizes


      Code (inc. data)   RO Data    RW Data    ZI Data      Debug   Object Name

       372         10          0          0          0       1611   board.o
       316         14          0          2         44       2740   can.o
       472         18          0          4          0       2361   delay.o
      1074         18          0          0          0       5530   emm_v5.o
       140          4          0          0          0     232393   exti.o
      1016         66         40          7         50       4039   imu.o
       160          8          0          0          0       1046   led.o
      4296        318          0         57        164       6021   main.o
       224         20          0          0          0     294317   misc.o
      1102          8       1520          0          0       5248   oled.o
      1736        186          0         44         72       5840   pid.o
      3656        214          0         84          0     262799   pwm.o
       496         30          0          3         44       3078   serial.o
       180         16          0          0          0       1227   servo.o
        64         26        392          0       1536        896   startup_stm32f40_41xxx.o
      2544         38          0          0          0       8228   stm32f4xx_can.o
       272         10          0          0          0       2371   stm32f4xx_exti.o
         0          0          0          0          0     248936   stm32f4xx_fsmc.o
       660         44          0          0          0       4241   stm32f4xx_gpio.o
        26          0          0          0          0       1266   stm32f4xx_it.o
      1628         52          0         16          0      13160   stm32f4xx_rcc.o
       148         12          0          0          0       1873   stm32f4xx_syscfg.o
      3234         60          0          0          0      23100   stm32f4xx_tim.o
      1108         34          0          0          0       7968   stm32f4xx_usart.o
        64          6          0          0          0        691   swith.o
       528         46          0         20          0       1867   system_stm32f4xx.o
       108          4          0          0          0        618   time_oled.o
       156         10          0          0          0        709   timer.o
       268         10          0          0          0       1211   uart6_ckp.o
       204         12          0          0          0       2887   usart.o
       844        116          0         12         20       2827   usart5.o
      2916        124        512         40        544      11045   wit_c_sdk.o
      2864        142          0         24          0       6444   yyb_move.o

    ----------------------------------------------------------------------
     32884       1676       2496        320       2476    1168588   Object Totals
         0          0         32          0          0          0   (incl. Generated)
         8          0          0          7          2          0   (incl. Padding)

    ----------------------------------------------------------------------

      Code (inc. data)   RO Data    RW Data    ZI Data      Debug   Library Member Name

        90          0          0          0          0          0   __dczerorl2.o
         8          0          0          0          0         68   __main.o
        40          0          0          0          0         84   __printf_nopercent.o
         0          0          0          0          0          0   __rtentry.o
        12          0          0          0          0          0   __rtentry2.o
         6          0          0          0          0          0   __rtentry4.o
        52          8          0          0          0          0   __scatter.o
        28          0          0          0          0          0   __scatter_zi.o
        48          6          0          0          0         96   _printf_char_common.o
        22          0          0          0          0        100   _rserrno.o
        10          0          0          0          0         68   _sputc.o
        18          0          0          0          0         80   exit.o
         6          0          0          0          0        152   heapauxi.o
         2          0          0          0          0          0   libinit.o
         6          0          0          0          0          0   libinit2.o
         2          0          0          0          0          0   libshutdown.o
         2          0          0          0          0          0   libshutdown2.o
         8          4          0          0         96         68   libspace.o
        40          6          0          0          0         84   noretval__2sprintf.o
         8          4          0          0          0         68   rt_errno_addr_intlibspace.o
        68          0          0          0          0         68   rt_memclr.o
        78          0          0          0          0         80   rt_memclr_w.o
       138          0          0          0          0         68   rt_memcpy_v6.o
       100          0          0          0          0         80   rt_memcpy_w.o
         2          0          0          0          0          0   rtexit.o
        10          0          0          0          0          0   rtexit2.o
        74          0          0          0          0         80   sys_stackheap_outer.o
         2          0          0          0          0         68   use_no_semi.o
         2          0          0          0          0         68   use_no_semi_2.o
        24          0          0          0          0        164   basic.o
        98          4          0          0          0        140   d2f.o
       826         16          0          0          0        492   daddsub_clz.o
        16          4          0          0          0        116   dcheck1.o
       310          8          0          0          0        228   dcmp4.o
        24          0          0          0          0        116   dcmpi.o
       688        140          0          0          0        256   ddiv.o
        94          4          0          0          0        140   dfix.o
        90          4          0          0          0        140   dfixu.o
        84          0          0          0          0        232   dflt_clz.o
       120          4          0          0          0        140   dleqf.o
       340         12          0          0          0        152   dmul.o
       156          4          0          0          0        140   dnaninf.o
        12          0          0          0          0        116   dretinf.o
       108          0          0          0          0        128   drleqf.o
       408         56          0          0          0        168   dsqrt_umaal.o
        86          4          0          0          0        132   f2d.o
       140          4          0          0          0        132   fnaninf.o
        10          0          0          0          0        116   fpinit.o
        10          0          0          0          0        116   fretinf.o
       100          0          0          0          0        116   retnan.o
        92          0          0          0          0        116   scalbn.o
        48          0          0          0          0        116   trapv.o
         0          0          0          0          0          0   usenofp.o
       164         44          0          0          0        620   dunder.o
        44          0          0          0          0        248   fabs.o
       116          0          0          0          0        164   fmax.o
        48          0          0          0          0        124   fpclassify.o
       248          0          0          0          0        152   poly.o
      3152        296        136          0          0        352   pow.o
         0          0          8          0          0          0   qnan.o
       110          0          0          0          0        148   sqrt.o

    ----------------------------------------------------------------------
      8676        632        144          0        100       6900   Library Totals
        28          0          0          0          4          0   (incl. Padding)

    ----------------------------------------------------------------------

      Code (inc. data)   RO Data    RW Data    ZI Data      Debug   Library Name

       882         28          0          0         96       1380   c_w.l
      3884        264          0          0          0       3712   fz_wm.l
      3882        340        144          0          0       1808   m_wm.l

    ----------------------------------------------------------------------
      8676        632        144          0        100       6900   Library Totals

    ----------------------------------------------------------------------

==============================================================================


      Code (inc. data)   RO Data    RW Data    ZI Data      Debug   

     41560       2308       2640        320       2576    1165212   Grand Totals
     41560       2308       2640        112       2576    1165212   ELF Image Totals (compressed)
     41560       2308       2640        112          0          0   ROM Totals

==============================================================================

    Total RO  Size (Code + RO Data)                44200 (  43.16kB)
    Total RW  Size (RW Data + ZI Data)              2896 (   2.83kB)
    Total ROM Size (Code + RO Data + RW Data)      44312 (  43.27kB)

==============================================================================

